Component: ARM Compiler 5.06 update 7 (build 960) Tool: armlink [4d3601]

==============================================================================

Section Cross References

    startup_stm32f103xb.o(RESET) refers to startup_stm32f103xb.o(STACK) for __initial_sp
    startup_stm32f103xb.o(RESET) refers to startup_stm32f103xb.o(.text) for Reset_Handler
    startup_stm32f103xb.o(RESET) refers to stm32f1xx_it.o(i.NMI_Handler) for NMI_Handler
    startup_stm32f103xb.o(RESET) refers to stm32f1xx_it.o(i.HardFault_Handler) for HardFault_Handler
    startup_stm32f103xb.o(RESET) refers to stm32f1xx_it.o(i.MemManage_Handler) for MemManage_Handler
    startup_stm32f103xb.o(RESET) refers to stm32f1xx_it.o(i.BusFault_Handler) for BusFault_Handler
    startup_stm32f103xb.o(RESET) refers to stm32f1xx_it.o(i.UsageFault_Handler) for UsageFault_Handler
    startup_stm32f103xb.o(RESET) refers to port.o(.emb_text) for SVC_Handler
    startup_stm32f103xb.o(RESET) refers to stm32f1xx_it.o(i.DebugMon_Handler) for DebugMon_Handler
    startup_stm32f103xb.o(RESET) refers to port.o(i.SysTick_Handler) for SysTick_Handler
    startup_stm32f103xb.o(RESET) refers to stm32f1xx_it.o(i.DMA1_Channel1_IRQHandler) for DMA1_Channel1_IRQHandler
    startup_stm32f103xb.o(RESET) refers to stm32f1xx_it.o(i.DMA1_Channel3_IRQHandler) for DMA1_Channel3_IRQHandler
    startup_stm32f103xb.o(RESET) refers to stm32f1xx_it.o(i.TIM4_IRQHandler) for TIM4_IRQHandler
    startup_stm32f103xb.o(.text) refers to system_stm32f1xx.o(i.SystemInit) for SystemInit
    startup_stm32f103xb.o(.text) refers to entry.o(.ARM.Collect$$$$00000000) for __main
    main.o(i.HAL_TIM_PeriodElapsedCallback) refers to stm32f1xx_hal.o(i.HAL_IncTick) for HAL_IncTick
    main.o(i.SystemClock_Config) refers to memseta.o(.text) for __aeabi_memclr4
    main.o(i.SystemClock_Config) refers to stm32f1xx_hal_rcc.o(i.HAL_RCC_OscConfig) for HAL_RCC_OscConfig
    main.o(i.SystemClock_Config) refers to stm32f1xx_hal_rcc.o(i.HAL_RCC_ClockConfig) for HAL_RCC_ClockConfig
    main.o(i.SystemClock_Config) refers to stm32f1xx_hal_rcc_ex.o(i.HAL_RCCEx_PeriphCLKConfig) for HAL_RCCEx_PeriphCLKConfig
    main.o(i.main) refers to stm32f1xx_hal.o(i.HAL_Init) for HAL_Init
    main.o(i.main) refers to main.o(i.SystemClock_Config) for SystemClock_Config
    main.o(i.main) refers to gpio.o(i.MX_GPIO_Init) for MX_GPIO_Init
    main.o(i.main) refers to dma.o(i.MX_DMA_Init) for MX_DMA_Init
    main.o(i.main) refers to spi.o(i.MX_SPI1_Init) for MX_SPI1_Init
    main.o(i.main) refers to adc.o(i.MX_ADC1_Init) for MX_ADC1_Init
    main.o(i.main) refers to tim.o(i.MX_TIM2_Init) for MX_TIM2_Init
    main.o(i.main) refers to usart.o(i.MX_USART1_UART_Init) for MX_USART1_UART_Init
    main.o(i.main) refers to i2c.o(i.MX_I2C2_Init) for MX_I2C2_Init
    main.o(i.main) refers to can.o(i.MX_CAN_Init) for MX_CAN_Init
    main.o(i.main) refers to stm32f1xx_hal_adc_ex.o(i.HAL_ADCEx_Calibration_Start) for HAL_ADCEx_Calibration_Start
    main.o(i.main) refers to stm32f1xx_hal_adc.o(i.HAL_ADC_Start_DMA) for HAL_ADC_Start_DMA
    main.o(i.main) refers to stm32f1xx_hal_tim.o(i.HAL_TIM_Base_Start_IT) for HAL_TIM_Base_Start_IT
    main.o(i.main) refers to stm32f1xx_hal_tim.o(i.HAL_TIM_PWM_Start_IT) for HAL_TIM_PWM_Start_IT
    main.o(i.main) refers to adc_func.o(i.NTC1save_init) for NTC1save_init
    main.o(i.main) refers to shell_port.o(i.userShellInit) for userShellInit
    main.o(i.main) refers to key_driver.o(i.Key_Loading) for Key_Loading
    main.o(i.main) refers to usercan.o(i.CAN_SetFilters) for CAN_SetFilters
    main.o(i.main) refers to stm32f1xx_hal_can.o(i.HAL_CAN_Start) for HAL_CAN_Start
    main.o(i.main) refers to oled.o(i.u8g2Init) for u8g2Init
    main.o(i.main) refers to cmsis_os2.o(i.osKernelInitialize) for osKernelInitialize
    main.o(i.main) refers to freertos.o(i.MX_FREERTOS_Init) for MX_FREERTOS_Init
    main.o(i.main) refers to cmsis_os2.o(i.osKernelStart) for osKernelStart
    main.o(i.main) refers to adc.o(.bss) for hadc1
    main.o(i.main) refers to adc_func.o(.data) for dmaadc
    main.o(i.main) refers to tim.o(.bss) for htim2
    main.o(i.main) refers to adc_func.o(.bss) for ntc1save
    main.o(i.main) refers to can.o(.bss) for hcan
    main.o(i.main) refers to main.o(.bss) for .bss
    gpio.o(i.MX_GPIO_Init) refers to stm32f1xx_hal_gpio.o(i.HAL_GPIO_WritePin) for HAL_GPIO_WritePin
    gpio.o(i.MX_GPIO_Init) refers to stm32f1xx_hal_gpio.o(i.HAL_GPIO_Init) for HAL_GPIO_Init
    freertos.o(i.AppTask_App) refers to cmsis_os2.o(i.osDelay) for osDelay
    freertos.o(i.AppTask_CanCom) refers to cmsis_os2.o(i.osDelay) for osDelay
    freertos.o(i.AppTask_Key) refers to cmsis_os2.o(i.osDelay) for osDelay
    freertos.o(i.AppTask_Menu) refers to cmsis_os2.o(i.osDelay) for osDelay
    freertos.o(i.AppTask_MessSend) refers to cmsis_os2.o(i.osDelay) for osDelay
    freertos.o(i.AppTask_OutPut) refers to cmsis_os2.o(i.osDelay) for osDelay
[...]
    vTaskPlaceOnEventList                    0x0800a7bd   Thumb Code    44  tasks.o(i.vTaskPlaceOnEventList)
    vTaskPlaceOnEventListRestricted          0x0800a7ed   Thumb Code    52  tasks.o(i.vTaskPlaceOnEventListRestricted)
    vTaskStartScheduler                      0x0800a825   Thumb Code   118  tasks.o(i.vTaskStartScheduler)
    vTaskSuspendAll                          0x0800a8ad   Thumb Code    10  tasks.o(i.vTaskSuspendAll)
    vTaskSwitchContext                       0x0800a8bd   Thumb Code    90  tasks.o(i.vTaskSwitchContext)
    vadc_count_value                         0x0800a921   Thumb Code    64  vadc.o(i.vadc_count_value)
    xPortStartScheduler                      0x0800a961   Thumb Code   154  port.o(i.xPortStartScheduler)
    xQueueGenericCreate                      0x0800aa09   Thumb Code    72  queue.o(i.xQueueGenericCreate)
    xQueueGenericCreateStatic                0x0800aa51   Thumb Code   102  queue.o(i.xQueueGenericCreateStatic)
    xQueueGenericReset                       0x0800aab9   Thumb Code   132  queue.o(i.xQueueGenericReset)
    xQueueGenericSend                        0x0800ab41   Thumb Code   346  queue.o(i.xQueueGenericSend)
    xQueueGenericSendFromISR                 0x0800aca1   Thumb Code   188  queue.o(i.xQueueGenericSendFromISR)
    xQueueReceive                            0x0800ad5d   Thumb Code   308  queue.o(i.xQueueReceive)
    xTaskCheckForTimeOut                     0x0800ae95   Thumb Code   112  tasks.o(i.xTaskCheckForTimeOut)
    xTaskCreate                              0x0800af09   Thumb Code    90  tasks.o(i.xTaskCreate)
    xTaskCreateStatic                        0x0800af63   Thumb Code    86  tasks.o(i.xTaskCreateStatic)
    xTaskGenericNotify                       0x0800afb9   Thumb Code   188  tasks.o(i.xTaskGenericNotify)
    xTaskGetSchedulerState                   0x0800b081   Thumb Code    22  tasks.o(i.xTaskGetSchedulerState)
    xTaskGetTickCount                        0x0800b09d   Thumb Code     6  tasks.o(i.xTaskGetTickCount)
    xTaskIncrementTick                       0x0800b0a9   Thumb Code   190  tasks.o(i.xTaskIncrementTick)
    xTaskPriorityDisinherit                  0x0800b171   Thumb Code   118  tasks.o(i.xTaskPriorityDisinherit)
    xTaskRemoveFromEventList                 0x0800b1f1   Thumb Code    98  tasks.o(i.xTaskRemoveFromEventList)
    xTaskResumeAll                           0x0800b261   Thumb Code   182  tasks.o(i.xTaskResumeAll)
    xTimerCreateTimerTask                    0x0800b325   Thumb Code    78  timers.o(i.xTimerCreateTimerTask)
    xTimerGenericCommand                     0x0800b385   Thumb Code    98  timers.o(i.xTimerGenericCommand)
    TaskApp_attributes                       0x0800b3ec   Data          36  freertos.o(.constdata)
    TaskOutPut_attributes                    0x0800b410   Data          36  freertos.o(.constdata)
    TaskMessSend_attributes                  0x0800b434   Data          36  freertos.o(.constdata)
    TaskSerCom_attributes                    0x0800b458   Data          36  freertos.o(.constdata)
    TaskCanCom_attributes                    0x0800b47c   Data          36  freertos.o(.constdata)
    TaskKey_attributes                       0x0800b4a0   Data          36  freertos.o(.constdata)
    TaskMenu_attributes                      0x0800b4c4   Data          36  freertos.o(.constdata)
    Queue_OLEDKeys_attributes                0x0800b4e8   Data          24  freertos.o(.constdata)
    AHBPrescTable                            0x0800b524   Data          16  system_stm32f1xx.o(.constdata)
    APBPrescTable                            0x0800b534   Data           8  system_stm32f1xx.o(.constdata)
    u8g2_font_profont10_mf                   0x0800b53c   Data        2486  u8g2_fonts.o(.constdata)
    u8g2_font_profont12_mf                   0x0800bef2   Data        2911  u8g2_fonts.o(.constdata)
    u8g2_font_profont15_mf                   0x0800ca51   Data        3398  u8g2_fonts.o(.constdata)
    u8g2_cb_r0                               0x0800d798   Data          12  u8g2_setup.o(.constdata)
    shellCmdDefaultUser                      0x0800d8fc   Data           7  shell.o(.constdata)
    shellPasswordDefaultUser                 0x0800d903   Data           1  shell.o(.constdata)
    shellDesDefaultUser                      0x0800d904   Data          13  shell.o(.constdata)
    shellCmdsetVar                           0x0800d911   Data           7  shell.o(.constdata)
    shellDescsetVar                          0x0800d918   Data           8  shell.o(.constdata)
    shellDesc0x1B5B4100                      0x0800d920   Data           3  shell.o(.constdata)
    shellDesc0x1B5B4200                      0x0800d923   Data           5  shell.o(.constdata)
    shellDesc0x1B5B4300                      0x0800d928   Data           6  shell.o(.constdata)
    shellDesc0x1B5B4400                      0x0800d92e   Data           5  shell.o(.constdata)
    shellDesc0x09000000                      0x0800d933   Data           4  shell.o(.constdata)
    shellDesc0x08000000                      0x0800d937   Data          10  shell.o(.constdata)
    shellDesc0x7F000000                      0x0800d941   Data          10  shell.o(.constdata)
    shellDesc0x1B5B337E                      0x0800d94b   Data           7  shell.o(.constdata)
    shellDesc0x0A000000                      0x0800d952   Data           6  shell.o(.constdata)
    shellDesc0x0D000000                      0x0800d958   Data           6  shell.o(.constdata)
    shellCmdhelp                             0x0800d95e   Data           5  shell.o(.constdata)
    shellDeschelp                            0x0800d963   Data          30  shell.o(.constdata)
    shellCmdusers                            0x0800d981   Data           6  shell.o(.constdata)
    shellDescusers                           0x0800d987   Data          14  shell.o(.constdata)
    shellCmdcmds                             0x0800d995   Data           5  shell.o(.constdata)
    shellDesccmds                            0x0800d99a   Data          13  shell.o(.constdata)
    shellCmdvars                             0x0800d9a7   Data           5  shell.o(.constdata)
    shellDescvars                            0x0800d9ac   Data          13  shell.o(.constdata)
    shellCmdkeys                             0x0800d9b9   Data           5  shell.o(.constdata)
    shellDesckeys                            0x0800d9be   Data          13  shell.o(.constdata)
    shellCmdclear                            0x0800d9cb   Data           6  shell.o(.constdata)
    shellDescclear                           0x0800d9d1   Data          14  shell.o(.constdata)
    shellCmdout_state                        0x0800d9df   Data          10  shell_func.o(.constdata)
    shellDescout_state                       0x0800d9e9   Data          21  shell_func.o(.constdata)
    shellCmdout_target                       0x0800d9fe   Data          11  shell_func.o(.constdata)
    shellDescout_target                      0x0800da09   Data          23  shell_func.o(.constdata)
    shellCmdparameter_show                   0x0800da20   Data          15  shell_func.o(.constdata)
    shellDescparameter_show                  0x0800da2f   Data          16  shell_func.o(.constdata)
    shellCmdpid_reset                        0x0800da3f   Data          10  shell_func.o(.constdata)
    shellDescpid_reset                       0x0800da49   Data          17  shell_func.o(.constdata)
    shellCmdkp_set                           0x0800da5a   Data           7  shell_func.o(.constdata)
    shellDesckp_set                          0x0800da61   Data          13  shell_func.o(.constdata)
    shellCmdki_set                           0x0800da6e   Data           7  shell_func.o(.constdata)
    shellDescki_set                          0x0800da75   Data          13  shell_func.o(.constdata)
    shellCmdkd_set                           0x0800da82   Data           7  shell_func.o(.constdata)
    shellDesckd_set                          0x0800da89   Data          13  shell_func.o(.constdata)
    __mathlib_zero                           0x0800dad0   Data           8  qnan.o(.constdata)
    Region$$Table$$Base                      0x0800de50   Number         0  anon$$obj.o(Region$$Table)
    Region$$Table$$Limit                     0x0800de70   Number         0  anon$$obj.o(Region$$Table)
    shellCommand$$Base                       0x0800de70   Number         0  shell.o(shellCommand)
    shellUserDefault                         0x0800de70   Data          16  shell.o(shellCommand)
    shellCommandsetVar                       0x0800de80   Data          16  shell.o(shellCommand)
    shellKey0x1B5B4100                       0x0800de90   Data          16  shell.o(shellCommand)
    shellKey0x1B5B4200                       0x0800dea0   Data          16  shell.o(shellCommand)
    shellKey0x1B5B4300                       0x0800deb0   Data          16  shell.o(shellCommand)
    shellKey0x1B5B4400                       0x0800dec0   Data          16  shell.o(shellCommand)
    shellKey0x09000000                       0x0800ded0   Data          16  shell.o(shellCommand)
    shellKey0x08000000                       0x0800dee0   Data          16  shell.o(shellCommand)
    shellKey0x7F000000                       0x0800def0   Data          16  shell.o(shellCommand)
    shellKey0x1B5B337E                       0x0800df00   Data          16  shell.o(shellCommand)
    shellKey0x0A000000                       0x0800df10   Data          16  shell.o(shellCommand)
    shellKey0x0D000000                       0x0800df20   Data          16  shell.o(shellCommand)
    shellCommandhelp                         0x0800df30   Data          16  shell.o(shellCommand)
    shellCommandusers                        0x0800df40   Data          16  shell.o(shellCommand)
    shellCommandcmds                         0x0800df50   Data          16  shell.o(shellCommand)
    shellCommandvars                         0x0800df60   Data          16  shell.o(shellCommand)
    shellCommandkeys                         0x0800df70   Data          16  shell.o(shellCommand)
    shellCommandclear                        0x0800df80   Data          16  shell.o(shellCommand)
    shellCommandout_state                    0x0800df90   Data          16  shell_func.o(shellCommand)
    shellCommandout_target                   0x0800dfa0   Data          16  shell_func.o(shellCommand)
    shellCommandparameter_show               0x0800dfb0   Data          16  shell_func.o(shellCommand)
    shellCommandpid_reset                    0x0800dfc0   Data          16  shell_func.o(shellCommand)
    shellCommandkp_set                       0x0800dfd0   Data          16  shell_func.o(shellCommand)
    shellCommandki_set                       0x0800dfe0   Data          16  shell_func.o(shellCommand)
    shellCommandkd_set                       0x0800dff0   Data          16  shell_func.o(shellCommand)
    shellCommand$$Limit                      0x0800e000   Number         0  shell_func.o(shellCommand)
    out_state                                0x20000000   Data           1  main.o(.data)
    TaskAppHandle                            0x20000004   Data           4  freertos.o(.data)
    TaskOutPutHandle                         0x20000008   Data           4  freertos.o(.data)
    TaskMessSendHandle                       0x2000000c   Data           4  freertos.o(.data)
    TaskSerComHandle                         0x20000010   Data           4  freertos.o(.data)
    TaskCanComHandle                         0x20000014   Data           4  freertos.o(.data)
    TaskKeyHandle                            0x20000018   Data           4  freertos.o(.data)
    TaskMenuHandle                           0x2000001c   Data           4  freertos.o(.data)
    Queue_OLEDKeysHandle                     0x20000020   Data           4  freertos.o(.data)
    uwTickFreq                               0x20000024   Data           1  stm32f1xx_hal.o(.data)
    uwTickPrio                               0x20000028   Data           4  stm32f1xx_hal.o(.data)
    uwTick                                   0x2000002c   Data           4  stm32f1xx_hal.o(.data)
    SystemCoreClock                          0x20000030   Data           4  system_stm32f1xx.o(.data)
    Page_State                               0x20000034   Data           1  menu.o(.data)
    BgColor                                  0x20000035   Data           1  menu.o(.data)
    Options_Time                             0x20000036   Data           1  menu.o(.data)
    Dialog_Time                              0x20000037   Data           1  menu.o(.data)
    MENU_STATE                               0x20000038   Data           1  menu.o(.data)
    temp_item                                0x20000040   Data           4  menu.o(.data)
    NowPage                                  0x20000044   Data           4  menu.o(.data)
    Selectitm                                0x20000048   Data           4  menu.o(.data)
    App_Function                             0x2000004c   Data           4  menu.o(.data)
    IntoState                                0x20000050   Data           1  menu_func.o(.data)
    DetectionOUT_enum                        0x20000051   Data           1  menu_func.o(.data)
    Detection_set                            0x20000052   Data           1  menu_func.o(.data)
    temp_time_delta                          0x20000054   Data           4  menu_func.o(.data)
    Dashboard_menu                           0x20000058   Data           4  menu_func.o(.data)
    CoorSysPar                               0x2000005c   Data          12  menu_func.o(.data)
    dmaadc                                   0x20000068   Data           6  adc_func.o(.data)
    h1out                                    0x2000006e   Data           4  pwmout_func.o(.data)
    h2out                                    0x20000072   Data           4  pwmout_func.o(.data)
    pairedChars                              0x2000007c   Data           2  shell.o(.data)
    pxCurrentTCB                             0x200000d4   Data           4  tasks.o(.data)
    __stdout                                 0x2000014c   Data           4  stdout.o(.data)
    u8g2                                     0x20000154   Data         148  main.o(.bss)
    hadc1                                    0x200001e8   Data          48  adc.o(.bss)
    hdma_adc1                                0x20000218   Data          68  adc.o(.bss)
    hcan                                     0x2000025c   Data          40  can.o(.bss)
    hi2c2                                    0x20000284   Data          84  i2c.o(.bss)
    hspi1                                    0x200002d8   Data          88  spi.o(.bss)
    hdma_spi1_tx                             0x20000330   Data          68  spi.o(.bss)
    htim2                                    0x20000374   Data          72  tim.o(.bss)
    huart1                                   0x200003bc   Data          72  usart.o(.bss)
    htim4                                    0x20000404   Data          72  stm32f1xx_hal_timebase_tim.o(.bss)
    u8g2_pg                                  0x2000084c   Data          76  u8g2_polygon.o(.bss)
    Cursor                                   0x20000898   Data          12  menu.o(.bss)
    MainPage                                 0x200008a4   Data          20  menu.o(.bss)
    Page3                                    0x200008b8   Data          20  menu.o(.bss)
    No3Page1                                 0x200008cc   Data          20  menu.o(.bss)
    No3Page2                                 0x200008e0   Data          20  menu.o(.bss)
    No3Page3                                 0x200008f4   Data          20  menu.o(.bss)
    Mainitem1                                0x20000908   Data          28  menu.o(.bss)
    Mainitem2                                0x20000924   Data          28  menu.o(.bss)
    Mainitem3                                0x20000940   Data          28  menu.o(.bss)
    Mainitem4                                0x2000095c   Data          28  menu.o(.bss)
    Page3item1                               0x20000978   Data          28  menu.o(.bss)
    Page3item2                               0x20000994   Data          28  menu.o(.bss)
    Page3item3                               0x200009b0   Data          28  menu.o(.bss)
    Page3item4                               0x200009cc   Data          28  menu.o(.bss)
    No3Page1item1                            0x200009e8   Data          28  menu.o(.bss)
    No3Page1item2                            0x20000a04   Data          28  menu.o(.bss)
    No3Page1item3                            0x20000a20   Data          28  menu.o(.bss)
    No3Page1item4                            0x20000a3c   Data          28  menu.o(.bss)
    No3Page2item1                            0x20000a58   Data          28  menu.o(.bss)
    No3Page2item2                            0x20000a74   Data          28  menu.o(.bss)
    No3Page2item3                            0x20000a90   Data          28  menu.o(.bss)
    No3Page2item4                            0x20000aac   Data          28  menu.o(.bss)
    No3Page3item1                            0x20000ac8   Data          28  menu.o(.bss)
    No3Page3item2                            0x20000ae4   Data          28  menu.o(.bss)
    ntc1save                                 0x20000b00   Data         444  adc_func.o(.bss)
    ntc1                                     0x20000cbc   Data          32  adc_func.o(.bss)
    vadc1                                    0x20000cdc   Data          20  adc_func.o(.bss)
    heat_pid_calibration                     0x20000cf0   Data          24  pwmout_func.o(.bss)
    heat_pid_state                           0x20000d08   Data          48  pwmout_func.o(.bss)
    KEY1                                     0x20000d38   Data          40  key_driver.o(.bss)
    KEY2                                     0x20000d60   Data          40  key_driver.o(.bss)
    KEY3                                     0x20000d88   Data          40  key_driver.o(.bss)
    KEY4                                     0x20000db0   Data          40  key_driver.o(.bss)
    KEYWKUP                                  0x20000dd8   Data          40  key_driver.o(.bss)
    shell                                    0x20000e20   Data         108  shell_port.o(.bss)
    shellBuffer                              0x20000e8c   Data         512  shell_port.o(.bss)
    xQueueRegistry                           0x2000108c   Data          64  queue.o(.bss)
    __initial_sp                             0x20004d60   Data           0  startup_stm32f103xb.o(STACK)



==============================================================================

Memory Map of the image

  Image Entry point : 0x080000ed

  Load Region LR_IROM1 (Base: 0x08000000, Size: 0x0000e154, Max: 0x00020000, ABSOLUTE, COMPRESSED[0x0000e064])

    Execution Region ER_IROM1 (Exec base: 0x08000000, Load base: 0x08000000, Size: 0x0000e000, Max: 0x00020000, ABSOLUTE)

    Exec Addr    Load Addr    Size         Type   Attr      Idx    E Section Name        Object

    0x08000000   0x08000000   0x000000ec   Data   RO            3    RESET               startup_stm32f103xb.o
    0x080000ec   0x080000ec   0x00000000   Code   RO        12308  * .ARM.Collect$$$$00000000  mc_w.l(entry.o)
    0x080000ec   0x080000ec   0x00000004   Code   RO        12642    .ARM.Collect$$$$00000001  mc_w.l(entry2.o)
    0x080000f0   0x080000f0   0x00000004   Code   RO        12645    .ARM.Collect$$$$00000004  mc_w.l(entry5.o)
    0x080000f4   0x080000f4   0x00000000   Code   RO        12647    .ARM.Collect$$$$00000008  mc_w.l(entry7b.o)
    0x080000f4   0x080000f4   0x00000000   Code   RO        12649    .ARM.Collect$$$$0000000A  mc_w.l(entry8b.o)
    0x080000f4   0x080000f4   0x00000008   Code   RO        12650    .ARM.Collect$$$$0000000B  mc_w.l(entry9a.o)
    0x080000fc   0x080000fc   0x00000004   Code   RO        12657    .ARM.Collect$$$$0000000E  mc_w.l(entry12b.o)
    0x08000100   0x08000100   0x00000000   Code   RO        12652    .ARM.Collect$$$$0000000F  mc_w.l(entry10a.o)
    0x08000100   0x08000100   0x00000000   Code   RO        12654    .ARM.Collect$$$$00000011  mc_w.l(entry11a.o)
    0x08000100   0x08000100   0x00000004   Code   RO        12643    .ARM.Collect$$$$00002712  mc_w.l(entry2.o)
    0x08000104   0x08000104   0x00000096   Code   RO        12221    .emb_text           port.o
    0x0800019a   0x0800019a   0x00000002   PAD
    0x0800019c   0x0800019c   0x00000024   Code   RO            4    .text               startup_stm32f103xb.o
    0x080001c0   0x080001c0   0x00000020   Code   RO        12311    .text               mc_w.l(llushr.o)
    0x080001e0   0x080001e0   0x00000024   Code   RO        12316    .text               mc_w.l(memcpya.o)
    0x08000204   0x08000204   0x00000024   Code   RO        12320    .text               mc_w.l(memseta.o)
    0x08000228   0x08000228   0x0000000e   Code   RO        12322    .text               mc_w.l(strlen.o)
    0x08000236   0x08000236   0x0000001c   Code   RO        12324    .text               mc_w.l(strcmp.o)
    0x08000252   0x08000252   0x0000001e   Code   RO        12326    .text               mc_w.l(strncmp.o)
    0x08000270   0x08000270   0x000000b0   Code   RO        12591    .text               mf_w.l(fadd.o)
    0x08000320   0x08000320   0x00000064   Code   RO        12593    .text               mf_w.l(fmul.o)
    0x08000384   0x08000384   0x0000007c   Code   RO        12595    .text               mf_w.l(fdiv.o)
    0x08000400   0x08000400   0x0000014e   Code   RO        12597    .text               mf_w.l(dadd.o)
    0x0800054e   0x0800054e   0x000000e4   Code   RO        12599    .text               mf_w.l(dmul.o)
    0x08000632   0x08000632   0x000000de   Code   RO        12601    .text               mf_w.l(ddiv.o)
    0x08000710   0x08000710   0x00000012   Code   RO        12603    .text               mf_w.l(fflti.o)
    0x08000722   0x08000722   0x0000000a   Code   RO        12605    .text               mf_w.l(ffltui.o)
    0x0800072c   0x0800072c   0x00000022   Code   RO        12607    .text               mf_w.l(dflti.o)
    0x0800074e   0x0800074e   0x0000001a   Code   RO        12609    .text               mf_w.l(dfltui.o)
    0x08000768   0x08000768   0x00000032   Code   RO        12611    .text               mf_w.l(ffixi.o)
    0x0800079a   0x0800079a   0x0000003e   Code   RO        12613    .text               mf_w.l(dfixi.o)
    0x080007d8   0x080007d8   0x00000032   Code   RO        12615    .text               mf_w.l(dfixui.o)
    0x0800080a   0x0800080a   0x00000026   Code   RO        12617    .text               mf_w.l(f2d.o)
    0x08000830   0x08000830   0x00000030   Code   RO        12619    .text               mf_w.l(cdcmple.o)
    0x08000860   0x08000860   0x00000030   Code   RO        12621    .text               mf_w.l(cdrcmple.o)
    0x08000890   0x08000890   0x00000038   Code   RO        12623    .text               mf_w.l(d2f.o)
    0x080008c8   0x080008c8   0x0000002c   Code   RO        12659    .text               mc_w.l(uidiv.o)
    0x080008f4   0x080008f4   0x00000062   Code   RO        12661    .text               mc_w.l(uldiv.o)
    0x08000956   0x08000956   0x0000001e   Code   RO        12663    .text               mc_w.l(llshl.o)
    0x08000974   0x08000974   0x00000024   Code   RO        12665    .text               mc_w.l(llsshr.o)
    0x08000998   0x08000998   0x00000000   Code   RO        12674    .text               mc_w.l(iusefp.o)
    0x08000998   0x08000998   0x0000006e   Code   RO        12675    .text               mf_w.l(fepilogue.o)
    0x08000a06   0x08000a06   0x000000ba   Code   RO        12677    .text               mf_w.l(depilogue.o)
    0x08000ac0   0x08000ac0   0x0000002e   Code   RO        12679    .text               mf_w.l(dscalb.o)
    0x08000aee   0x08000aee   0x00000030   Code   RO        12681    .text               mf_w.l(dfixul.o)
    0x08000b1e   0x08000b1e   0x00000002   PAD
    0x08000b20   0x08000b20   0x00000024   Code   RO        12683    .text               mc_w.l(init.o)
    0x08000b44   0x08000b44   0x00000056   Code   RO        12693    .text               mc_w.l(__dczerorl2.o)
    0x08000b9a   0x08000b9a   0x00000002   PAD
    0x08000b9c   0x08000b9c   0x00000056   Code   RO          996    i.ADC_ConversionStop_Disable  stm32f1xx_hal_adc.o
    0x08000bf2   0x08000bf2   0x0000004e   Code   RO          997    i.ADC_DMAConvCplt   stm32f1xx_hal_adc.o
    0x08000c40   0x08000c40   0x0000001a   Code   RO          998    i.ADC_DMAError      stm32f1xx_hal_adc.o
    0x08000c5a   0x08000c5a   0x0000000a   Code   RO          999    i.ADC_DMAHalfConvCplt  stm32f1xx_hal_adc.o
    0x08000c64   0x08000c64   0x0000007c   Code   RO         1000    i.ADC_Enable        stm32f1xx_hal_adc.o
    0x08000ce0   0x08000ce0   0x00000036   Code   RO         9345    i.AddItem           menu.o
    0x08000d16   0x08000d16   0x0000000a   Code   RO         9346    i.AddPage           menu.o
    0x08000d20   0x08000d20   0x00000098   Code   RO        10628    i.AppTask_App       userapp.o
    0x08000db8   0x08000db8   0x0000000e   Code   RO        10629    i.AppTask_CanCom    userapp.o
    0x08000dc6   0x08000dc6   0x00000002   PAD
    0x08000dc8   0x08000dc8   0x00000048   Code   RO        10630    i.AppTask_Key       userapp.o
    0x08000e10   0x08000e10   0x0000007c   Code   RO        10631    i.AppTask_Menu      userapp.o
    0x08000e8c   0x08000e8c   0x0000000c   Code   RO        10632    i.AppTask_MessSend  userapp.o
    0x08000e98   0x08000e98   0x0000009c   Code   RO        10633    i.AppTask_OutPut    userapp.o
    0x08000f34   0x08000f34   0x00000020   Code   RO        10634    i.AppTask_SerCom    userapp.o
    0x08000f54   0x08000f54   0x0000001c   Code   RO        10556    i.At24Cxx_Read_Amount_Byte  at24cxx.o
    0x08000f70   0x08000f70   0x000000f8   Code   RO        10558    i.At24Cxx_Write_Amount_Byte  at24cxx.o
    0x08001068   0x08001068   0x00000002   Code   RO          821    i.BusFault_Handler  stm32f1xx_it.o
    0x0800106a   0x0800106a   0x00000002   PAD
    0x0800106c   0x0800106c   0x00000080   Code   RO         9920    i.CAN_RX_MESSAGE    usercan.o
    0x080010ec   0x080010ec   0x00000030   Code   RO         9921    i.CAN_SetFilters    usercan.o
    0x0800111c   0x0800111c   0x0000000a   Code   RO         9347    i.Cursor_clear      menu.o
    0x08001126   0x08001126   0x00000002   PAD
    0x08001128   0x08001128   0x0000000c   Code   RO          822    i.DMA1_Channel1_IRQHandler  stm32f1xx_it.o
    0x08001134   0x08001134   0x0000000c   Code   RO          823    i.DMA1_Channel3_IRQHandler  stm32f1xx_it.o
    0x08001140   0x08001140   0x0000002a   Code   RO         1652    i.DMA_SetConfig     stm32f1xx_hal_dma.o
    0x0800116a   0x0800116a   0x00000002   PAD
    0x0800116c   0x0800116c   0x00000080   Code   RO         9482    i.Dashboard         menu_func.o
    0x080011ec   0x080011ec   0x0000010c   Code   RO         9483    i.Dashboard_OUT     menu_func.o
    0x080012f8   0x080012f8   0x00000148   Code   RO         9484    i.Dashboard_PID     menu_func.o
    0x08001440   0x08001440   0x00000194   Code   RO        10598    i.Date_Init         saveandread_func.o
    0x080015d4   0x080015d4   0x00000160   Code   RO        10599    i.Date_Save         saveandread_func.o
    0x08001734   0x08001734   0x00000002   Code   RO          824    i.DebugMon_Handler  stm32f1xx_it.o
    0x08001736   0x08001736   0x00000002   PAD
    0x08001738   0x08001738   0x0000017c   Code   RO         9485    i.DetectionNTC      menu_func.o
    0x080018b4   0x080018b4   0x00000224   Code   RO         9486    i.DetectionOUT      menu_func.o
    0x08001ad8   0x08001ad8   0x0000001c   Code   RO         9487    i.DialogScaleShow   menu_func.o
    0x08001af4   0x08001af4   0x00000060   Code   RO         9348    i.DialogScale_Show  menu.o
    0x08001b54   0x08001b54   0x00000044   Code   RO         9488    i.DrawXOY           menu_func.o
    0x08001b98   0x08001b98   0x00000060   Code   RO         9349    i.Draw_DialogBox    menu.o
    0x08001bf8   0x08001bf8   0x000001b4   Code   RO         9351    i.Draw_Menu         menu.o
    0x08001dac   0x08001dac   0x00000078   Code   RO         9352    i.Draw_OptionPlace  menu.o
    0x08001e24   0x08001e24   0x000000c4   Code   RO         9353    i.Draw_Page         menu.o
    0x08001ee8   0x08001ee8   0x000000ac   Code   RO         9354    i.Draw_Process      menu.o
    0x08001f94   0x08001f94   0x00000004   Code   RO           13    i.Error_Handler     main.o
    0x08001f98   0x08001f98   0x00000034   Code   RO         9744    i.Get_Key           key_driver.o
    0x08001fcc   0x08001fcc   0x0000004c   Code   RO         9745    i.Get_Key_Pressed   key_driver.o
    0x08002018   0x08002018   0x000000d8   Code   RO         1176    i.HAL_ADCEx_Calibration_Start  stm32f1xx_hal_adc_ex.o
    0x080020f0   0x080020f0   0x000000fc   Code   RO         1002    i.HAL_ADC_ConfigChannel  stm32f1xx_hal_adc.o
    0x080021ec   0x080021ec   0x00000002   Code   RO         1003    i.HAL_ADC_ConvCpltCallback  stm32f1xx_hal_adc.o
    0x080021ee   0x080021ee   0x00000002   Code   RO         1004    i.HAL_ADC_ConvHalfCpltCallback  stm32f1xx_hal_adc.o
    0x080021f0   0x080021f0   0x00000002   Code   RO         1006    i.HAL_ADC_ErrorCallback  stm32f1xx_hal_adc.o
    0x080021f2   0x080021f2   0x00000002   PAD
    0x080021f4   0x080021f4   0x0000011c   Code   RO         1011    i.HAL_ADC_Init      stm32f1xx_hal_adc.o
    0x08002310   0x08002310   0x00000090   Code   RO          527    i.HAL_ADC_MspInit   adc.o
    0x080023a0   0x080023a0   0x0000010c   Code   RO         1018    i.HAL_ADC_Start_DMA  stm32f1xx_hal_adc.o
    0x080024ac   0x080024ac   0x000000ee   Code   RO         2252    i.HAL_CAN_ConfigFilter  stm32f1xx_hal_can.o
    0x0800259a   0x0800259a   0x00000002   PAD
    0x0800259c   0x0800259c   0x00000022   Code   RO         2257    i.HAL_CAN_GetRxFifoFillLevel  stm32f1xx_hal_can.o
    0x080025be   0x080025be   0x000000f4   Code   RO         2258    i.HAL_CAN_GetRxMessage  stm32f1xx_hal_can.o
    0x080026b2   0x080026b2   0x0000011a   Code   RO         2263    i.HAL_CAN_Init      stm32f1xx_hal_can.o
    0x080027cc   0x080027cc   0x0000006c   Code   RO          569    i.HAL_CAN_MspInit   can.o
    0x08002838   0x08002838   0x00000058   Code   RO         2275    i.HAL_CAN_Start     stm32f1xx_hal_can.o
    0x08002890   0x08002890   0x00000154   Code   RO         1658    i.HAL_DMA_IRQHandler  stm32f1xx_hal_dma.o
    0x080029e4   0x080029e4   0x0000005c   Code   RO         1659    i.HAL_DMA_Init      stm32f1xx_hal_dma.o
    0x08002a40   0x08002a40   0x00000070   Code   RO         1663    i.HAL_DMA_Start_IT  stm32f1xx_hal_dma.o
    0x08002ab0   0x08002ab0   0x00000024   Code   RO         1279    i.HAL_Delay         stm32f1xx_hal.o
    0x08002ad4   0x08002ad4   0x000001e0   Code   RO         1589    i.HAL_GPIO_Init     stm32f1xx_hal_gpio.o
    0x08002cb4   0x08002cb4   0x0000000a   Code   RO         1591    i.HAL_GPIO_ReadPin  stm32f1xx_hal_gpio.o
    0x08002cbe   0x08002cbe   0x0000000a   Code   RO         1593    i.HAL_GPIO_WritePin  stm32f1xx_hal_gpio.o
    0x08002cc8   0x08002cc8   0x0000000c   Code   RO         1283    i.HAL_GetTick       stm32f1xx_hal.o
    0x08002cd4   0x08002cd4   0x00000188   Code   RO         2494    i.HAL_I2C_Init      stm32f1xx_hal_i2c.o
    0x08002e5c   0x08002e5c   0x00000250   Code   RO         2512    i.HAL_I2C_Mem_Read  stm32f1xx_hal_i2c.o
    0x080030ac   0x080030ac   0x00000130   Code   RO         2515    i.HAL_I2C_Mem_Write  stm32f1xx_hal_i2c.o
    0x080031dc   0x080031dc   0x00000060   Code   RO          638    i.HAL_I2C_MspInit   i2c.o
    0x0800323c   0x0800323c   0x00000010   Code   RO         1289    i.HAL_IncTick       stm32f1xx_hal.o
    0x0800324c   0x0800324c   0x00000024   Code   RO         1290    i.HAL_Init          stm32f1xx_hal.o
    0x08003270   0x08003270   0x00000098   Code   RO          921    i.HAL_InitTick      stm32f1xx_hal_timebase_tim.o
    0x08003308   0x08003308   0x00000048   Code   RO          897    i.HAL_MspInit       stm32f1xx_hal_msp.o
    0x08003350   0x08003350   0x0000001a   Code   RO         1749    i.HAL_NVIC_EnableIRQ  stm32f1xx_hal_cortex.o
    0x0800336a   0x0800336a   0x00000002   PAD
    0x0800336c   0x0800336c   0x00000040   Code   RO         1755    i.HAL_NVIC_SetPriority  stm32f1xx_hal_cortex.o
    0x080033ac   0x080033ac   0x00000024   Code   RO         1756    i.HAL_NVIC_SetPriorityGrouping  stm32f1xx_hal_cortex.o
    0x080033d0   0x080033d0   0x000000a4   Code   RO         1550    i.HAL_RCCEx_GetPeriphCLKFreq  stm32f1xx_hal_rcc_ex.o
    0x08003474   0x08003474   0x000000ec   Code   RO         1551    i.HAL_RCCEx_PeriphCLKConfig  stm32f1xx_hal_rcc_ex.o
    0x08003560   0x08003560   0x0000012c   Code   RO         1447    i.HAL_RCC_ClockConfig  stm32f1xx_hal_rcc.o
    0x0800368c   0x0800368c   0x00000040   Code   RO         1451    i.HAL_RCC_GetClockConfig  stm32f1xx_hal_rcc.o
    0x080036cc   0x080036cc   0x00000020   Code   RO         1454    i.HAL_RCC_GetPCLK1Freq  stm32f1xx_hal_rcc.o
    0x080036ec   0x080036ec   0x00000020   Code   RO         1455    i.HAL_RCC_GetPCLK2Freq  stm32f1xx_hal_rcc.o
    0x0800370c   0x0800370c   0x0000004c   Code   RO         1456    i.HAL_RCC_GetSysClockFreq  stm32f1xx_hal_rcc.o
    0x08003758   0x08003758   0x00000320   Code   RO         1459    i.HAL_RCC_OscConfig  stm32f1xx_hal_rcc.o
    0x08003a78   0x08003a78   0x00000002   Code   RO         2927    i.HAL_SPI_ErrorCallback  stm32f1xx_hal_spi.o
    0x08003a7a   0x08003a7a   0x000000b2   Code   RO         2931    i.HAL_SPI_Init      stm32f1xx_hal_spi.o
    0x08003b2c   0x08003b2c   0x000000a0   Code   RO          680    i.HAL_SPI_MspInit   spi.o
    0x08003bcc   0x08003bcc   0x000000cc   Code   RO         2943    i.HAL_SPI_Transmit_DMA  stm32f1xx_hal_spi.o
    0x08003c98   0x08003c98   0x00000002   Code   RO         2945    i.HAL_SPI_TxCpltCallback  stm32f1xx_hal_spi.o
    0x08003c9a   0x08003c9a   0x00000002   Code   RO         2946    i.HAL_SPI_TxHalfCpltCallback  stm32f1xx_hal_spi.o
    0x08003c9c   0x08003c9c   0x00000002   Code   RO         3948    i.HAL_TIMEx_BreakCallback  stm32f1xx_hal_tim_ex.o
    0x08003c9e   0x08003c9e   0x00000002   Code   RO         3949    i.HAL_TIMEx_CommutCallback  stm32f1xx_hal_tim_ex.o
    0x08003ca0   0x08003ca0   0x00000068   Code   RO         3967    i.HAL_TIMEx_MasterConfigSynchronization  stm32f1xx_hal_tim_ex.o
    0x08003d08   0x08003d08   0x0000005a   Code   RO         3244    i.HAL_TIM_Base_Init  stm32f1xx_hal_tim.o
    0x08003d62   0x08003d62   0x00000002   PAD
    0x08003d64   0x08003d64   0x00000024   Code   RO          722    i.HAL_TIM_Base_MspInit  tim.o
    0x08003d88   0x08003d88   0x00000058   Code   RO         3249    i.HAL_TIM_Base_Start_IT  stm32f1xx_hal_tim.o
    0x08003de0   0x08003de0   0x000000dc   Code   RO         3253    i.HAL_TIM_ConfigClockSource  stm32f1xx_hal_tim.o
    0x08003ebc   0x08003ebc   0x00000002   Code   RO         3278    i.HAL_TIM_IC_CaptureCallback  stm32f1xx_hal_tim.o
    0x08003ebe   0x08003ebe   0x00000166   Code   RO         3292    i.HAL_TIM_IRQHandler  stm32f1xx_hal_tim.o
    0x08004024   0x08004024   0x00000048   Code   RO          723    i.HAL_TIM_MspPostInit  tim.o
    0x0800406c   0x0800406c   0x00000002   Code   RO         3295    i.HAL_TIM_OC_DelayElapsedCallback  stm32f1xx_hal_tim.o
    0x0800406e   0x0800406e   0x000000cc   Code   RO         3316    i.HAL_TIM_PWM_ConfigChannel  stm32f1xx_hal_tim.o
    0x0800413a   0x0800413a   0x0000005a   Code   RO         3319    i.HAL_TIM_PWM_Init  stm32f1xx_hal_tim.o
    0x08004194   0x08004194   0x00000002   Code   RO         3321    i.HAL_TIM_PWM_MspInit  stm32f1xx_hal_tim.o
    0x08004196   0x08004196   0x00000002   Code   RO         3322    i.HAL_TIM_PWM_PulseFinishedCallback  stm32f1xx_hal_tim.o
    0x08004198   0x08004198   0x000000c8   Code   RO         3326    i.HAL_TIM_PWM_Start_IT  stm32f1xx_hal_tim.o
    0x08004260   0x08004260   0x00000014   Code   RO           14    i.HAL_TIM_PeriodElapsedCallback  main.o
    0x08004274   0x08004274   0x00000002   Code   RO         3335    i.HAL_TIM_TriggerCallback  stm32f1xx_hal_tim.o
    0x08004276   0x08004276   0x00000064   Code   RO         4245    i.HAL_UART_Init     stm32f1xx_hal_uart.o
    0x080042da   0x080042da   0x00000002   PAD
    0x080042dc   0x080042dc   0x00000070   Code   RO          770    i.HAL_UART_MspInit  usart.o
    0x0800434c   0x0800434c   0x000000ac   Code   RO         4248    i.HAL_UART_Receive  stm32f1xx_hal_uart.o
    0x080043f8   0x080043f8   0x0000009a   Code   RO         4253    i.HAL_UART_Transmit  stm32f1xx_hal_uart.o
    0x08004492   0x08004492   0x00000002   Code   RO          825    i.HardFault_Handler  stm32f1xx_it.o
    0x08004494   0x08004494   0x0000002e   Code   RO         2537    i.I2C_IsAcknowledgeFailed  stm32f1xx_hal_i2c.o
    0x080044c2   0x080044c2   0x00000002   PAD
    0x080044c4   0x080044c4   0x000000fc   Code   RO         2547    i.I2C_RequestMemoryRead  stm32f1xx_hal_i2c.o
    0x080045c0   0x080045c0   0x000000a8   Code   RO         2548    i.I2C_RequestMemoryWrite  stm32f1xx_hal_i2c.o
    0x08004668   0x08004668   0x00000056   Code   RO         2552    i.I2C_WaitOnBTFFlagUntilTimeout  stm32f1xx_hal_i2c.o
    0x080046be   0x080046be   0x00000002   PAD
    0x080046c0   0x080046c0   0x00000090   Code   RO         2553    i.I2C_WaitOnFlagUntilTimeout  stm32f1xx_hal_i2c.o
    0x08004750   0x08004750   0x000000bc   Code   RO         2554    i.I2C_WaitOnMasterAddressFlagUntilTimeout  stm32f1xx_hal_i2c.o
    0x0800480c   0x0800480c   0x00000070   Code   RO         2555    i.I2C_WaitOnRXNEFlagUntilTimeout  stm32f1xx_hal_i2c.o
    0x0800487c   0x0800487c   0x00000056   Code   RO         2556    i.I2C_WaitOnTXEFlagUntilTimeout  stm32f1xx_hal_i2c.o
    0x080048d2   0x080048d2   0x00000002   PAD
    0x080048d4   0x080048d4   0x000000bc   Code   RO         9489    i.KDSET             menu_func.o
    0x08004990   0x08004990   0x00000002   Code   RO         9747    i.KEY1_PRESS_UP_Handler  key_driver.o
    0x08004992   0x08004992   0x00000002   Code   RO         9750    i.KEY2_PRESS_UP_Handler  key_driver.o
    0x08004994   0x08004994   0x00000002   Code   RO         9752    i.KEY3_PRESS_UP_Handler  key_driver.o
    0x08004996   0x08004996   0x00000002   Code   RO         9753    i.KEY4_PRESS_UP_Handler  key_driver.o
    0x08004998   0x08004998   0x00000002   Code   RO         9754    i.KEYWKUP_PRESS_UP_Handler  key_driver.o
    0x0800499a   0x0800499a   0x00000002   PAD
    0x0800499c   0x0800499c   0x000000b8   Code   RO         9490    i.KISET             menu_func.o
    0x08004a54   0x08004a54   0x000000b8   Code   RO         9491    i.KPSET             menu_func.o
    0x08004b0c   0x08004b0c   0x000000cc   Code   RO         9755    i.Key_Loading       key_driver.o
    0x08004bd8   0x08004bd8   0x0000000e   Code   RO         9355    i.Line              menu.o
    0x08004be6   0x08004be6   0x00000002   PAD
    0x08004be8   0x08004be8   0x0000007c   Code   RO          528    i.MX_ADC1_Init      adc.o
    0x08004c64   0x08004c64   0x00000044   Code   RO          570    i.MX_CAN_Init       can.o
    0x08004ca8   0x08004ca8   0x0000003c   Code   RO          610    i.MX_DMA_Init       dma.o
    0x08004ce4   0x08004ce4   0x0000009c   Code   RO          450    i.MX_FREERTOS_Init  freertos.o
    0x08004d80   0x08004d80   0x000000d0   Code   RO          320    i.MX_GPIO_Init      gpio.o
    0x08004e50   0x08004e50   0x00000040   Code   RO          639    i.MX_I2C2_Init      i2c.o
    0x08004e90   0x08004e90   0x00000048   Code   RO          681    i.MX_SPI1_Init      spi.o
    0x08004ed8   0x08004ed8   0x000000a8   Code   RO          724    i.MX_TIM2_Init      tim.o
    0x08004f80   0x08004f80   0x00000038   Code   RO          771    i.MX_USART1_UART_Init  usart.o
    0x08004fb8   0x08004fb8   0x00000002   Code   RO          826    i.MemManage_Handler  stm32f1xx_it.o
    0x08004fba   0x08004fba   0x00000002   PAD
    0x08004fbc   0x08004fbc   0x00000020   Code   RO         9356    i.Menu_Init         menu.o
    0x08004fdc   0x08004fdc   0x000002a0   Code   RO         9357    i.Menu_Team         menu.o
    0x0800527c   0x0800527c   0x00000002   Code   RO          827    i.NMI_Handler       stm32f1xx_it.o
    0x0800527e   0x0800527e   0x00000002   PAD
    0x08005280   0x08005280   0x00000038   Code   RO         9593    i.NTC1save_init     adc_func.o
    0x080052b8   0x080052b8   0x000000a0   Code   RO         9492    i.NTCBSET           menu_func.o
    0x08005358   0x08005358   0x000000b4   Code   RO         9493    i.NTCR1SET          menu_func.o
    0x0800540c   0x0800540c   0x000000b4   Code   RO         9494    i.NTCR2SET          menu_func.o
    0x080054c0   0x080054c0   0x00000018   Code   RO         9594    i.NTCSave           adc_func.o
    0x080054d8   0x080054d8   0x00000078   Code   RO         9358    i.PID               menu.o
    0x08005550   0x08005550   0x0000000c   Code   RO         9359    i.Process_App_Run   menu.o
    0x0800555c   0x0800555c   0x000000bc   Code   RO         9360    i.Process_Menu_Run  menu.o
    0x08005618   0x08005618   0x0000000c   Code   RO         9756    i.READ_KEY1_GPIO    key_driver.o
    0x08005624   0x08005624   0x0000000c   Code   RO         9757    i.READ_KEY2_GPIO    key_driver.o
    0x08005630   0x08005630   0x0000000c   Code   RO         9758    i.READ_KEY3_GPIO    key_driver.o
    0x0800563c   0x0800563c   0x0000000c   Code   RO         9759    i.READ_KEY4_GPIO    key_driver.o
    0x08005648   0x08005648   0x0000000c   Code   RO         9760    i.READ_KEYWKUP_GPIO  key_driver.o
    0x08005654   0x08005654   0x00000022   Code   RO         2959    i.SPI_DMAError      stm32f1xx_hal_spi.o
    0x08005676   0x08005676   0x0000000a   Code   RO         2961    i.SPI_DMAHalfTransmitCplt  stm32f1xx_hal_spi.o
    0x08005680   0x08005680   0x00000064   Code   RO         2965    i.SPI_DMATransmitCplt  stm32f1xx_hal_spi.o
    0x080056e4   0x080056e4   0x00000020   Code   RO         2969    i.SPI_EndRxTxTransaction  stm32f1xx_hal_spi.o
    0x08005704   0x08005704   0x000000b8   Code   RO         2974    i.SPI_WaitFlagStateUntilTimeout  stm32f1xx_hal_spi.o
    0x080057bc   0x080057bc   0x0000001c   Code   RO        10469    i.Shell_Kd          shell_func.o
    0x080057d8   0x080057d8   0x0000001c   Code   RO        10470    i.Shell_Ki          shell_func.o
    0x080057f4   0x080057f4   0x0000001c   Code   RO        10471    i.Shell_Kp          shell_func.o
    0x08005810   0x08005810   0x00000010   Code   RO        10472    i.Shell_OUT         shell_func.o
    0x08005820   0x08005820   0x00000014   Code   RO        10473    i.Shell_PID_Reset   shell_func.o
    0x08005834   0x08005834   0x0000015c   Code   RO        10474    i.Shell_Parameter_Show  shell_func.o
    0x08005990   0x08005990   0x0000001c   Code   RO        10475    i.Shell_Target      shell_func.o
    0x080059ac   0x080059ac   0x0000000c   Code   RO         9361    i.Switch_Menu_State  menu.o
    0x080059b8   0x080059b8   0x0000002c   Code   RO        12222    i.SysTick_Handler   port.o
    0x080059e4   0x080059e4   0x00000078   Code   RO           15    i.SystemClock_Config  main.o
    0x08005a5c   0x08005a5c   0x00000002   Code   RO         4579    i.SystemInit        system_stm32f1xx.o
    0x08005a5e   0x08005a5e   0x00000002   PAD
    0x08005a60   0x08005a60   0x0000000c   Code   RO          828    i.TIM4_IRQHandler   stm32f1xx_it.o
    0x08005a6c   0x08005a6c   0x0000009c   Code   RO         9495    i.TIME_DELTA_SET    menu_func.o
    0x08005b08   0x08005b08   0x0000006c   Code   RO         3337    i.TIM_Base_SetConfig  stm32f1xx_hal_tim.o
    0x08005b74   0x08005b74   0x0000001a   Code   RO         3338    i.TIM_CCxChannelCmd  stm32f1xx_hal_tim.o
    0x08005b8e   0x08005b8e   0x00000014   Code   RO         3348    i.TIM_ETR_SetConfig  stm32f1xx_hal_tim.o
    0x08005ba2   0x08005ba2   0x00000010   Code   RO         3349    i.TIM_ITRx_SetConfig  stm32f1xx_hal_tim.o
    0x08005bb2   0x08005bb2   0x00000002   PAD
    0x08005bb4   0x08005bb4   0x00000050   Code   RO         3350    i.TIM_OC1_SetConfig  stm32f1xx_hal_tim.o
    0x08005c04   0x08005c04   0x00000058   Code   RO         3351    i.TIM_OC2_SetConfig  stm32f1xx_hal_tim.o
    0x08005c5c   0x08005c5c   0x00000058   Code   RO         3352    i.TIM_OC3_SetConfig  stm32f1xx_hal_tim.o
    0x08005cb4   0x08005cb4   0x00000044   Code   RO         3353    i.TIM_OC4_SetConfig  stm32f1xx_hal_tim.o
    0x08005cf8   0x08005cf8   0x00000022   Code   RO         3355    i.TIM_TI1_ConfigInputStage  stm32f1xx_hal_tim.o
    0x08005d1a   0x08005d1a   0x00000024   Code   RO         3357    i.TIM_TI2_ConfigInputStage  stm32f1xx_hal_tim.o
    0x08005d3e   0x08005d3e   0x00000002   PAD
    0x08005d40   0x08005d40   0x000000b8   Code   RO         4271    i.UART_SetConfig    stm32f1xx_hal_uart.o
    0x08005df8   0x08005df8   0x00000078   Code   RO         4274    i.UART_WaitOnFlagUntilTimeout  stm32f1xx_hal_uart.o
    0x08005e70   0x08005e70   0x00000002   Code   RO          829    i.UsageFault_Handler  stm32f1xx_it.o
    0x08005e72   0x08005e72   0x00000002   PAD
    0x08005e74   0x08005e74   0x0000006c   Code   RO         9496    i.Y_count           menu_func.o
    0x08005ee0   0x08005ee0   0x00000020   Code   RO        12563    i.__0printf         mc_w.l(printfa.o)
    0x08005f00   0x08005f00   0x00000028   Code   RO        12565    i.__0sprintf        mc_w.l(printfa.o)
    0x08005f28   0x08005f28   0x00000020   Code   RO         1762    i.__NVIC_SetPriority  stm32f1xx_hal_cortex.o
    0x08005f48   0x08005f48   0x000000aa   Code   RO        12639    i.__kernel_poly     m_ws.l(poly.o)
    0x08005ff2   0x08005ff2   0x00000002   PAD
    0x08005ff4   0x08005ff4   0x00000010   Code   RO        12625    i.__mathlib_dbl_divzero  m_ws.l(dunder.o)
    0x08006004   0x08006004   0x00000006   Code   RO        12626    i.__mathlib_dbl_infnan  m_ws.l(dunder.o)
    0x0800600a   0x0800600a   0x0000000c   Code   RO        12628    i.__mathlib_dbl_invalid  m_ws.l(dunder.o)
    0x08006016   0x08006016   0x0000000e   Code   RO        12687    i.__scatterload_copy  mc_w.l(handlers.o)
    0x08006024   0x08006024   0x00000002   Code   RO        12688    i.__scatterload_null  mc_w.l(handlers.o)
    0x08006026   0x08006026   0x0000000e   Code   RO        12689    i.__scatterload_zeroinit  mc_w.l(handlers.o)
    0x08006034   0x08006034   0x0000000c   Code   RO        12669    i.__set_errno       mc_w.l(errno.o)
    0x08006040   0x08006040   0x00000184   Code   RO        12570    i._fp_digits        mc_w.l(printfa.o)
    0x080061c4   0x080061c4   0x000006b4   Code   RO        12571    i._printf_core      mc_w.l(printfa.o)
    0x08006878   0x08006878   0x00000024   Code   RO        12572    i._printf_post_padding  mc_w.l(printfa.o)
    0x0800689c   0x0800689c   0x0000002e   Code   RO        12573    i._printf_pre_padding  mc_w.l(printfa.o)
    0x080068ca   0x080068ca   0x0000000a   Code   RO        12575    i._sputc            mc_w.l(printfa.o)
    0x080068d4   0x080068d4   0x00000008   Code   RO         9864    i.button_attach     multi_button.o
    0x080068dc   0x080068dc   0x000001b2   Code   RO         9865    i.button_handler    multi_button.o
    0x08006a8e   0x08006a8e   0x0000002c   Code   RO         9866    i.button_init       multi_button.o
    0x08006aba   0x08006aba   0x00000002   PAD
    0x08006abc   0x08006abc   0x00000024   Code   RO         9867    i.button_start      multi_button.o
    0x08006ae0   0x08006ae0   0x0000001c   Code   RO         9869    i.button_ticks      multi_button.o
    0x08006afc   0x08006afc   0x00000018   Code   RO          772    i.fputc             usart.o
    0x08006b14   0x08006b14   0x00000006   Code   RO         9870    i.get_button_event  multi_button.o
    0x08006b1a   0x08006b1a   0x00000002   PAD
    0x08006b1c   0x08006b1c   0x0000035c   Code   RO        12299    i.log               m_ws.l(log.o)
    0x08006e78   0x08006e78   0x00000094   Code   RO           16    i.main              main.o
    0x08006f0c   0x08006f0c   0x00000088   Code   RO         9629    i.ntc_count_value   ntc.o
    0x08006f94   0x08006f94   0x00000034   Code   RO        11751    i.osDelay           cmsis_os2.o
    0x08006fc8   0x08006fc8   0x00000038   Code   RO        11765    i.osKernelInitialize  cmsis_os2.o
    0x08007000   0x08007000   0x00000040   Code   RO        11768    i.osKernelStart     cmsis_os2.o
    0x08007040   0x08007040   0x00000074   Code   RO        11776    i.osMessageQueueNew  cmsis_os2.o
    0x080070b4   0x080070b4   0x000000a4   Code   RO        11802    i.osThreadNew       cmsis_os2.o
    0x08007158   0x08007158   0x00000012   Code   RO         8030    i.pg_dec            u8g2_polygon.o
    0x0800716a   0x0800716a   0x0000006e   Code   RO         8031    i.pg_exec           u8g2_polygon.o
    0x080071d8   0x080071d8   0x0000002e   Code   RO         8032    i.pg_expand_min_y   u8g2_polygon.o
    0x08007206   0x08007206   0x0000006e   Code   RO         8033    i.pg_hline          u8g2_polygon.o
    0x08007274   0x08007274   0x00000010   Code   RO         8034    i.pg_inc            u8g2_polygon.o
    0x08007284   0x08007284   0x0000007a   Code   RO         8035    i.pg_line_init      u8g2_polygon.o
    0x080072fe   0x080072fe   0x00000002   PAD
    0x08007300   0x08007300   0x000000a0   Code   RO         8036    i.pg_prepare        u8g2_polygon.o
    0x080073a0   0x080073a0   0x0000003e   Code   RO         8037    i.pge_Next          u8g2_polygon.o
    0x080073de   0x080073de   0x0000009a   Code   RO         9680    i.pid_iterate       pid.o
    0x08007478   0x08007478   0x0000007c   Code   RO         9707    i.pid_pwm_count     pwmout_func.o
    0x080074f4   0x080074f4   0x0000005c   Code   RO        11247    i.prvAddCurrentTaskToDelayedList  tasks.o
    0x08007550   0x08007550   0x000000d0   Code   RO        11248    i.prvAddNewTaskToReadyList  tasks.o
    0x08007620   0x08007620   0x00000058   Code   RO        11597    i.prvCheckForValidListAndQueue  timers.o
    0x08007678   0x08007678   0x00000026   Code   RO        10856    i.prvCopyDataFromQueue  queue.o
    0x0800769e   0x0800769e   0x0000006c   Code   RO        10857    i.prvCopyDataToQueue  queue.o
    0x0800770a   0x0800770a   0x00000034   Code   RO        11249    i.prvDeleteTCB      tasks.o
    0x0800773e   0x0800773e   0x00000002   PAD
    0x08007740   0x08007740   0x0000004c   Code   RO        12172    i.prvHeapInit       heap_4.o
    0x0800778c   0x0800778c   0x00000060   Code   RO        11250    i.prvIdleTask       tasks.o
    0x080077ec   0x080077ec   0x00000022   Code   RO        10859    i.prvInitialiseNewQueue  queue.o
    0x0800780e   0x0800780e   0x0000009c   Code   RO        11251    i.prvInitialiseNewTask  tasks.o
    0x080078aa   0x080078aa   0x00000002   PAD
    0x080078ac   0x080078ac   0x0000004c   Code   RO        12173    i.prvInsertBlockIntoFreeList  heap_4.o
    0x080078f8   0x080078f8   0x00000038   Code   RO        11599    i.prvInsertTimerInActiveList  timers.o
    0x08007930   0x08007930   0x0000001c   Code   RO        10860    i.prvIsQueueEmpty   queue.o
    0x0800794c   0x0800794c   0x000000cc   Code   RO        11600    i.prvProcessReceivedCommands  timers.o
    0x08007a18   0x08007a18   0x000000b4   Code   RO        11601    i.prvProcessTimerOrBlockTask  timers.o
    0x08007acc   0x08007acc   0x00000020   Code   RO        11253    i.prvResetNextTaskUnblockTime  tasks.o
    0x08007aec   0x08007aec   0x00000028   Code   RO        11602    i.prvSampleTimeNow  timers.o
    0x08007b14   0x08007b14   0x0000006c   Code   RO        11603    i.prvSwitchTimerLists  timers.o
    0x08007b80   0x08007b80   0x00000028   Code   RO        12223    i.prvTaskExitError  port.o
    0x08007ba8   0x08007ba8   0x00000024   Code   RO        11604    i.prvTimerTask      timers.o
    0x08007bcc   0x08007bcc   0x0000006a   Code   RO        10861    i.prvUnlockQueue    queue.o
    0x08007c36   0x08007c36   0x00000002   PAD
    0x08007c38   0x08007c38   0x000000d8   Code   RO        12174    i.pvPortMalloc      heap_4.o
    0x08007d10   0x08007d10   0x00000024   Code   RO        12224    i.pxPortInitialiseStack  port.o
    0x08007d34   0x08007d34   0x00000006   Code   RO         9956    i.shellBackspace    shell.o
    0x08007d3a   0x08007d3a   0x00000030   Code   RO         9957    i.shellCheckPermission  shell.o
    0x08007d6a   0x08007d6a   0x00000002   PAD
    0x08007d6c   0x08007d6c   0x0000001c   Code   RO         9958    i.shellClear        shell.o
    0x08007d88   0x08007d88   0x00000030   Code   RO         9959    i.shellClearCommandLine  shell.o
    0x08007db8   0x08007db8   0x00000014   Code   RO         9960    i.shellCmds         shell.o
    0x08007dcc   0x08007dcc   0x00000008   Code   RO         9961    i.shellDelete       shell.o
    0x08007dd4   0x08007dd4   0x000000d6   Code   RO         9962    i.shellDeleteByte   shell.o
    0x08007eaa   0x08007eaa   0x00000002   PAD
    0x08007eac   0x08007eac   0x0000001c   Code   RO         9963    i.shellDeleteCommandLine  shell.o
    0x08007ec8   0x08007ec8   0x00000008   Code   RO         9964    i.shellDown         shell.o
    0x08007ed0   0x08007ed0   0x00000014   Code   RO         9965    i.shellEnter        shell.o
    0x08007ee4   0x08007ee4   0x000000a0   Code   RO         9966    i.shellExec         shell.o
    0x08007f84   0x08007f84   0x00000046   Code   RO        10342    i.shellExtParseChar  shell_ext.o
    0x08007fca   0x08007fca   0x00000002   PAD
    0x08007fcc   0x08007fcc   0x00000112   Code   RO        10343    i.shellExtParseNumber  shell_ext.o
    0x080080de   0x080080de   0x000000b8   Code   RO        10344    i.shellExtParsePara  shell_ext.o
    0x08008196   0x08008196   0x000000ce   Code   RO        10345    i.shellExtRun       shell_ext.o
    0x08008264   0x08008264   0x00000004   Code   RO         9967    i.shellGetCommandDesc  shell.o
    0x08008268   0x08008268   0x00000038   Code   RO         9968    i.shellGetCommandName  shell.o
    0x080082a0   0x080082a0   0x00000028   Code   RO         9969    i.shellGetCurrent   shell.o
    0x080082c8   0x080082c8   0x0000003e   Code   RO         9970    i.shellGetVarValue  shell.o
    0x08008306   0x08008306   0x00000002   PAD
    0x08008308   0x08008308   0x000000cc   Code   RO         9971    i.shellHandler      shell.o
    0x080083d4   0x080083d4   0x00000028   Code   RO         9972    i.shellHelp         shell.o
    0x080083fc   0x080083fc   0x00000098   Code   RO         9973    i.shellHistory      shell.o
    0x08008494   0x08008494   0x00000068   Code   RO         9974    i.shellHistoryAdd   shell.o
    0x080084fc   0x080084fc   0x000000a0   Code   RO         9975    i.shellInit         shell.o
    0x0800859c   0x0800859c   0x000000ec   Code   RO         9976    i.shellInsertByte   shell.o
    0x08008688   0x08008688   0x00000014   Code   RO         9977    i.shellKeys         shell.o
    0x0800869c   0x0800869c   0x00000020   Code   RO         9978    i.shellLeft         shell.o
    0x080086bc   0x080086bc   0x0000004c   Code   RO         9980    i.shellListCommand  shell.o
    0x08008708   0x08008708   0x000000f4   Code   RO         9981    i.shellListItem     shell.o
    0x080087fc   0x080087fc   0x00000050   Code   RO         9982    i.shellListKey      shell.o
    0x0800884c   0x0800884c   0x00000050   Code   RO         9983    i.shellListUser     shell.o
    0x0800889c   0x0800889c   0x00000050   Code   RO         9984    i.shellListVar      shell.o
    0x080088ec   0x080088ec   0x00000010   Code   RO         9985    i.shellNormalInput  shell.o
    0x080088fc   0x080088fc   0x00000020   Code   RO         9988    i.shellRight        shell.o
    0x0800891c   0x0800891c   0x000000ba   Code   RO         9990    i.shellRunCommand   shell.o
    0x080089d6   0x080089d6   0x00000002   PAD
    0x080089d8   0x080089d8   0x0000006e   Code   RO         9991    i.shellSeekCommand  shell.o
    0x08008a46   0x08008a46   0x00000002   PAD
    0x08008a48   0x08008a48   0x00000060   Code   RO         9992    i.shellSetUser      shell.o
    0x08008aa8   0x08008aa8   0x00000058   Code   RO         9993    i.shellSetVar       shell.o
    0x08008b00   0x08008b00   0x00000070   Code   RO         9994    i.shellSetVarValue  shell.o
    0x08008b70   0x08008b70   0x000000b0   Code   RO         9995    i.shellShowVar      shell.o
    0x08008c20   0x08008c20   0x000000ec   Code   RO         9996    i.shellSplit        shell.o
    0x08008d0c   0x08008d0c   0x00000024   Code   RO         9997    i.shellStringCompare  shell.o
    0x08008d30   0x08008d30   0x00000018   Code   RO         9998    i.shellStringCopy   shell.o
    0x08008d48   0x08008d48   0x0000013c   Code   RO         9999    i.shellTab          shell.o
    0x08008e84   0x08008e84   0x0000004c   Code   RO        10001    i.shellToDec        shell.o
    0x08008ed0   0x08008ed0   0x0000002a   Code   RO        10002    i.shellToHex        shell.o
    0x08008efa   0x08008efa   0x00000006   Code   RO        10003    i.shellUp           shell.o
    0x08008f00   0x08008f00   0x00000014   Code   RO        10004    i.shellUsers        shell.o
    0x08008f14   0x08008f14   0x00000014   Code   RO        10005    i.shellVars         shell.o
    0x08008f28   0x08008f28   0x00000058   Code   RO        10006    i.shellWriteCommandHelp  shell.o
    0x08008f80   0x08008f80   0x0000005c   Code   RO        10007    i.shellWritePrompt  shell.o
    0x08008fdc   0x08008fdc   0x00000080   Code   RO        10008    i.shellWriteReturnValue  shell.o
    0x0800905c   0x0800905c   0x00000024   Code   RO        10009    i.shellWriteString  shell.o
    0x08009080   0x08009080   0x00000038   Code   RO         4616    i.u8g2Init          oled.o
    0x080090b8   0x080090b8   0x00000020   Code   RO         8038    i.u8g2_AddPolygonXY  u8g2_polygon.o
    0x080090d8   0x080090d8   0x00000012   Code   RO         5427    i.u8g2_ClearBuffer  u8g2_buffer.o
    0x080090ea   0x080090ea   0x00000044   Code   RO         5397    i.u8g2_DrawBox      u8g2_box.o
    0x0800912e   0x0800912e   0x00000040   Code   RO         5521    i.u8g2_DrawCircle   u8g2_circle.o
    0x0800916e   0x0800916e   0x00000040   Code   RO         5522    i.u8g2_DrawDisc     u8g2_circle.o
    0x080091ae   0x080091ae   0x00000088   Code   RO         5398    i.u8g2_DrawFrame    u8g2_box.o
    0x08009236   0x08009236   0x00000070   Code   RO         5630    i.u8g2_DrawGlyph    u8g2_font.o
    0x080092a6   0x080092a6   0x0000000c   Code   RO         7884    i.u8g2_DrawHLine    u8g2_hvline.o
    0x080092b2   0x080092b2   0x00000002   PAD
    0x080092b4   0x080092b4   0x000000ac   Code   RO         7885    i.u8g2_DrawHVLine   u8g2_hvline.o
    0x08009360   0x08009360   0x0000002e   Code   RO         7886    i.u8g2_DrawPixel    u8g2_hvline.o
    0x0800938e   0x0800938e   0x00000002   PAD
    0x08009390   0x08009390   0x00000024   Code   RO         8040    i.u8g2_DrawPolygon  u8g2_polygon.o
    0x080093b4   0x080093b4   0x000000e6   Code   RO         5399    i.u8g2_DrawRBox     u8g2_box.o
    0x0800949a   0x0800949a   0x00000102   Code   RO         5400    i.u8g2_DrawRFrame   u8g2_box.o
    0x0800959c   0x0800959c   0x00000010   Code   RO         5632    i.u8g2_DrawStr      u8g2_font.o
    0x080095ac   0x080095ac   0x0000003c   Code   RO         8041    i.u8g2_DrawTriangle  u8g2_polygon.o
    0x080095e8   0x080095e8   0x0000000c   Code   RO         7887    i.u8g2_DrawVLine    u8g2_hvline.o
    0x080095f4   0x080095f4   0x0000001c   Code   RO         5428    i.u8g2_FirstPage    u8g2_buffer.o
    0x08009610   0x08009610   0x00000030   Code   RO         7946    i.u8g2_IsIntersection  u8g2_intersection.o
    0x08009640   0x08009640   0x0000003e   Code   RO         5429    i.u8g2_NextPage     u8g2_buffer.o
    0x0800967e   0x0800967e   0x00000012   Code   RO         5430    i.u8g2_SendBuffer   u8g2_buffer.o
    0x08009690   0x08009690   0x0000001c   Code   RO         5431    i.u8g2_SetBufferCurrTileRow  u8g2_buffer.o
    0x080096ac   0x080096ac   0x00000010   Code   RO         7888    i.u8g2_SetDrawColor  u8g2_hvline.o
    0x080096bc   0x080096bc   0x00000020   Code   RO         5648    i.u8g2_SetFont      u8g2_font.o
    0x080096dc   0x080096dc   0x0000000c   Code   RO         5651    i.u8g2_SetFontPosBaseline  u8g2_font.o
    0x080096e8   0x080096e8   0x0000001c   Code   RO         8134    i.u8g2_SetMaxClipWindow  u8g2_setup.o
    0x08009704   0x08009704   0x00000046   Code   RO         8135    i.u8g2_SetupBuffer  u8g2_setup.o
    0x0800974a   0x0800974a   0x00000002   PAD
    0x0800974c   0x0800974c   0x00000038   Code   RO         5616    i.u8g2_Setup_ssd1306_128x64_noname_f  u8g2_d_setup.o
    0x08009784   0x08009784   0x00000052   Code   RO         5658    i.u8g2_UpdateRefHeight  u8g2_font.o
    0x080097d6   0x080097d6   0x0000001c   Code   RO         5659    i.u8g2_add_vector_x  u8g2_font.o
    0x080097f2   0x080097f2   0x0000001c   Code   RO         5660    i.u8g2_add_vector_y  u8g2_font.o
    0x0800980e   0x0800980e   0x0000006e   Code   RO         8137    i.u8g2_apply_clip_window  u8g2_setup.o
    0x0800987c   0x0800987c   0x0000003c   Code   RO         7889    i.u8g2_clip_intersection2  u8g2_hvline.o
    0x080098b8   0x080098b8   0x0000006a   Code   RO         5525    i.u8g2_draw_circle  u8g2_circle.o
    0x08009922   0x08009922   0x000000ba   Code   RO         5526    i.u8g2_draw_circle_section  u8g2_circle.o
    0x080099dc   0x080099dc   0x0000006a   Code   RO         5527    i.u8g2_draw_disc    u8g2_circle.o
    0x08009a46   0x08009a46   0x000000cc   Code   RO         5528    i.u8g2_draw_disc_section  u8g2_circle.o
    0x08009b12   0x08009b12   0x00000012   Code   RO         7890    i.u8g2_draw_hv_line_2dir  u8g2_hvline.o
    0x08009b24   0x08009b24   0x0000000c   Code   RO         8139    i.u8g2_draw_l90_r0  u8g2_setup.o
    0x08009b30   0x08009b30   0x00000076   Code   RO         5661    i.u8g2_draw_string  u8g2_font.o
    0x08009ba6   0x08009ba6   0x00000004   Code   RO         5667    i.u8g2_font_calc_vref_font  u8g2_font.o
    0x08009baa   0x08009baa   0x00000014   Code   RO         5669    i.u8g2_font_decode_get_signed_bits  u8g2_font.o
    0x08009bbe   0x08009bbe   0x00000034   Code   RO         5670    i.u8g2_font_decode_get_unsigned_bits  u8g2_font.o
    0x08009bf2   0x08009bf2   0x00000002   PAD
    0x08009bf4   0x08009bf4   0x00000114   Code   RO         5671    i.u8g2_font_decode_glyph  u8g2_font.o
    0x08009d08   0x08009d08   0x0000008c   Code   RO         5672    i.u8g2_font_decode_len  u8g2_font.o
    0x08009d94   0x08009d94   0x00000072   Code   RO         5673    i.u8g2_font_get_glyph_data  u8g2_font.o
    0x08009e06   0x08009e06   0x00000014   Code   RO         5674    i.u8g2_font_get_word  u8g2_font.o
    0x08009e1a   0x08009e1a   0x00000034   Code   RO         5675    i.u8g2_font_setup_decode  u8g2_font.o
    0x08009e4e   0x08009e4e   0x00000018   Code   RO         7947    i.u8g2_is_intersection_decision_tree  u8g2_intersection.o
    0x08009e66   0x08009e66   0x00000002   PAD
    0x08009e68   0x08009e68   0x00000090   Code   RO         7995    i.u8g2_ll_hvline_vertical_top_lsb  u8g2_ll_hvline.o
    0x08009ef8   0x08009ef8   0x0000000c   Code   RO         5603    i.u8g2_m_16_8_f     u8g2_d_memory.o
    0x08009f04   0x08009f04   0x0000006a   Code   RO         5676    i.u8g2_read_font_info  u8g2_font.o
    0x08009f6e   0x08009f6e   0x0000004e   Code   RO         5438    i.u8g2_send_buffer  u8g2_buffer.o
    0x08009fbc   0x08009fbc   0x00000046   Code   RO         8144    i.u8g2_update_dimension_common  u8g2_setup.o
    0x0800a002   0x0800a002   0x00000004   Code   RO         8145    i.u8g2_update_dimension_r0  u8g2_setup.o
    0x0800a006   0x0800a006   0x00000022   Code   RO         8149    i.u8g2_update_page_win_r0  u8g2_setup.o
    0x0800a028   0x0800a028   0x0000001e   Code   RO         8923    i.u8x8_DrawTile     u8x8_display.o
    0x0800a046   0x0800a046   0x00000010   Code   RO         8925    i.u8x8_InitDisplay  u8x8_display.o
    0x0800a056   0x0800a056   0x00000010   Code   RO         8927    i.u8x8_RefreshDisplay  u8x8_display.o
    0x0800a066   0x0800a066   0x00000010   Code   RO         8930    i.u8x8_SetPowerSave  u8x8_display.o
    0x0800a076   0x0800a076   0x00000022   Code   RO         9229    i.u8x8_Setup        u8x8_setup.o
    0x0800a098   0x0800a098   0x00000024   Code   RO         9230    i.u8x8_SetupDefaults  u8x8_setup.o
    0x0800a0bc   0x0800a0bc   0x00000010   Code   RO         8931    i.u8x8_SetupMemory  u8x8_display.o
    0x0800a0cc   0x0800a0cc   0x0000000e   Code   RO         8429    i.u8x8_ascii_next   u8x8_8x8.o
    0x0800a0da   0x0800a0da   0x00000002   PAD
    0x0800a0dc   0x0800a0dc   0x0000009c   Code   RO         4617    i.u8x8_byte_4wire_hw_spi  oled.o
    0x0800a178   0x0800a178   0x0000000e   Code   RO         8556    i.u8x8_byte_SendByte  u8x8_byte.o
    0x0800a186   0x0800a186   0x00000010   Code   RO         8558    i.u8x8_byte_SetDC   u8x8_byte.o
    0x0800a196   0x0800a196   0x00000052   Code   RO         8671    i.u8x8_cad_001      u8x8_cad.o
    0x0800a1e8   0x0800a1e8   0x00000010   Code   RO         8675    i.u8x8_cad_EndTransfer  u8x8_cad.o
    0x0800a1f8   0x0800a1f8   0x00000010   Code   RO         8676    i.u8x8_cad_SendArg  u8x8_cad.o
    0x0800a208   0x0800a208   0x00000010   Code   RO         8677    i.u8x8_cad_SendCmd  u8x8_cad.o
    0x0800a218   0x0800a218   0x00000010   Code   RO         8678    i.u8x8_cad_SendData  u8x8_cad.o
    0x0800a228   0x0800a228   0x00000068   Code   RO         8680    i.u8x8_cad_SendSequence  u8x8_cad.o
    0x0800a290   0x0800a290   0x00000010   Code   RO         8681    i.u8x8_cad_StartTransfer  u8x8_cad.o
    0x0800a2a0   0x0800a2a0   0x00000060   Code   RO         8932    i.u8x8_d_helper_display_init  u8x8_display.o
    0x0800a300   0x0800a300   0x0000000a   Code   RO         8933    i.u8x8_d_helper_display_setup_memory  u8x8_display.o
    0x0800a30a   0x0800a30a   0x00000002   PAD
    0x0800a30c   0x0800a30c   0x0000003c   Code   RO         8857    i.u8x8_d_ssd1306_128x64_noname  u8x8_d_ssd1306_128x64_noname.o
    0x0800a348   0x0800a348   0x000000c8   Code   RO         8859    i.u8x8_d_ssd1306_sh1106_generic  u8x8_d_ssd1306_128x64_noname.o
    0x0800a410   0x0800a410   0x00000004   Code   RO         9232    i.u8x8_dummy_cb     u8x8_setup.o
    0x0800a414   0x0800a414   0x0000000c   Code   RO         9151    i.u8x8_gpio_call    u8x8_gpio.o
    0x0800a420   0x0800a420   0x00000004   Code   RO         4618    i.u8x8_stm32_gpio_and_delay  oled.o
    0x0800a424   0x0800a424   0x00000008   Code   RO         8437    i.u8x8_utf8_init    u8x8_8x8.o
    0x0800a42c   0x0800a42c   0x00000068   Code   RO        11257    i.ulTaskNotifyTake  tasks.o
    0x0800a494   0x0800a494   0x00000024   Code   RO        10382    i.userShellInit     shell_port.o
    0x0800a4b8   0x0800a4b8   0x00000020   Code   RO        10384    i.userShellRead     shell_port.o
    0x0800a4d8   0x0800a4d8   0x0000001c   Code   RO        10386    i.userShellWrite    shell_port.o
    0x0800a4f4   0x0800a4f4   0x00000026   Code   RO        10816    i.uxListRemove      list.o
    0x0800a51a   0x0800a51a   0x00000002   PAD
    0x0800a51c   0x0800a51c   0x00000014   Code   RO        11814    i.vApplicationGetIdleTaskMemory  cmsis_os2.o
    0x0800a530   0x0800a530   0x00000018   Code   RO        11815    i.vApplicationGetTimerTaskMemory  cmsis_os2.o
    0x0800a548   0x0800a548   0x00000016   Code   RO        10817    i.vListInitialise   list.o
    0x0800a55e   0x0800a55e   0x00000006   Code   RO        10818    i.vListInitialiseItem  list.o
    0x0800a564   0x0800a564   0x00000030   Code   RO        10819    i.vListInsert       list.o
    0x0800a594   0x0800a594   0x00000018   Code   RO        10820    i.vListInsertEnd    list.o
    0x0800a5ac   0x0800a5ac   0x00000040   Code   RO        12226    i.vPortEnterCritical  port.o
    0x0800a5ec   0x0800a5ec   0x00000028   Code   RO        12227    i.vPortExitCritical  port.o
    0x0800a614   0x0800a614   0x0000005c   Code   RO        12175    i.vPortFree         heap_4.o
    0x0800a670   0x0800a670   0x00000024   Code   RO        12228    i.vPortSetupTimerInterrupt  port.o
    0x0800a694   0x0800a694   0x00000054   Code   RO        12229    i.vPortValidateInterruptPriority  port.o
    0x0800a6e8   0x0800a6e8   0x00000028   Code   RO        10867    i.vQueueAddToRegistry  queue.o
    0x0800a710   0x0800a710   0x00000044   Code   RO        10871    i.vQueueWaitForMessageRestricted  queue.o
    0x0800a754   0x0800a754   0x0000004c   Code   RO        11265    i.vTaskDelay        tasks.o
    0x0800a7a0   0x0800a7a0   0x00000010   Code   RO        11270    i.vTaskInternalSetTimeOutState  tasks.o
    0x0800a7b0   0x0800a7b0   0x0000000c   Code   RO        11271    i.vTaskMissedYield  tasks.o
    0x0800a7bc   0x0800a7bc   0x00000030   Code   RO        11273    i.vTaskPlaceOnEventList  tasks.o
    0x0800a7ec   0x0800a7ec   0x00000038   Code   RO        11274    i.vTaskPlaceOnEventListRestricted  tasks.o
    0x0800a824   0x0800a824   0x00000088   Code   RO        11282    i.vTaskStartScheduler  tasks.o
    0x0800a8ac   0x0800a8ac   0x00000010   Code   RO        11284    i.vTaskSuspendAll   tasks.o
    0x0800a8bc   0x0800a8bc   0x00000064   Code   RO        11285    i.vTaskSwitchContext  tasks.o
    0x0800a920   0x0800a920   0x00000040   Code   RO         9653    i.vadc_count_value  vadc.o
    0x0800a960   0x0800a960   0x000000a8   Code   RO        12230    i.xPortStartScheduler  port.o
    0x0800aa08   0x0800aa08   0x00000048   Code   RO        10876    i.xQueueGenericCreate  queue.o
    0x0800aa50   0x0800aa50   0x00000066   Code   RO        10877    i.xQueueGenericCreateStatic  queue.o
    0x0800aab6   0x0800aab6   0x00000002   PAD
    0x0800aab8   0x0800aab8   0x00000088   Code   RO        10878    i.xQueueGenericReset  queue.o
    0x0800ab40   0x0800ab40   0x00000160   Code   RO        10879    i.xQueueGenericSend  queue.o
    0x0800aca0   0x0800aca0   0x000000bc   Code   RO        10880    i.xQueueGenericSendFromISR  queue.o
    0x0800ad5c   0x0800ad5c   0x00000138   Code   RO        10889    i.xQueueReceive     queue.o
    0x0800ae94   0x0800ae94   0x00000074   Code   RO        11286    i.xTaskCheckForTimeOut  tasks.o
    0x0800af08   0x0800af08   0x0000005a   Code   RO        11287    i.xTaskCreate       tasks.o
    0x0800af62   0x0800af62   0x00000056   Code   RO        11288    i.xTaskCreateStatic  tasks.o
    0x0800afb8   0x0800afb8   0x000000c8   Code   RO        11289    i.xTaskGenericNotify  tasks.o
    0x0800b080   0x0800b080   0x0000001c   Code   RO        11292    i.xTaskGetSchedulerState  tasks.o
    0x0800b09c   0x0800b09c   0x0000000c   Code   RO        11293    i.xTaskGetTickCount  tasks.o
    0x0800b0a8   0x0800b0a8   0x000000c8   Code   RO        11295    i.xTaskIncrementTick  tasks.o
    0x0800b170   0x0800b170   0x00000080   Code   RO        11298    i.xTaskPriorityDisinherit  tasks.o
    0x0800b1f0   0x0800b1f0   0x00000070   Code   RO        11300    i.xTaskRemoveFromEventList  tasks.o
    0x0800b260   0x0800b260   0x000000c4   Code   RO        11301    i.xTaskResumeAll    tasks.o
    0x0800b324   0x0800b324   0x00000060   Code   RO        11611    i.xTimerCreateTimerTask  timers.o
    0x0800b384   0x0800b384   0x00000068   Code   RO        11612    i.xTimerGenericCommand  timers.o
    0x0800b3ec   0x0800b3ec   0x00000114   Data   RO          451    .constdata          freertos.o
    0x0800b500   0x0800b500   0x00000012   Data   RO         1460    .constdata          stm32f1xx_hal_rcc.o
    0x0800b512   0x0800b512   0x00000012   Data   RO         1552    .constdata          stm32f1xx_hal_rcc_ex.o
    0x0800b524   0x0800b524   0x00000010   Data   RO         4580    .constdata          system_stm32f1xx.o
    0x0800b534   0x0800b534   0x00000008   Data   RO         4581    .constdata          system_stm32f1xx.o
    0x0800b53c   0x0800b53c   0x000009b6   Data   RO         6433    .constdata          u8g2_fonts.o
    0x0800bef2   0x0800bef2   0x00000b5f   Data   RO         6445    .constdata          u8g2_fonts.o
    0x0800ca51   0x0800ca51   0x00000d46   Data   RO         6451    .constdata          u8g2_fonts.o
    0x0800d797   0x0800d797   0x00000001   PAD
    0x0800d798   0x0800d798   0x0000000c   Data   RO         8153    .constdata          u8g2_setup.o
    0x0800d7a4   0x0800d7a4   0x00000158   Data   RO         8861    .constdata          u8x8_d_ssd1306_128x64_noname.o
    0x0800d8fc   0x0800d8fc   0x00000007   Data   RO        10011    .constdata          shell.o
    0x0800d903   0x0800d903   0x00000001   Data   RO        10012    .constdata          shell.o
    0x0800d904   0x0800d904   0x0000000d   Data   RO        10013    .constdata          shell.o
    0x0800d911   0x0800d911   0x00000007   Data   RO        10014    .constdata          shell.o
    0x0800d918   0x0800d918   0x00000008   Data   RO        10015    .constdata          shell.o
    0x0800d920   0x0800d920   0x00000003   Data   RO        10016    .constdata          shell.o
    0x0800d923   0x0800d923   0x00000005   Data   RO        10017    .constdata          shell.o
    0x0800d928   0x0800d928   0x00000006   Data   RO        10018    .constdata          shell.o
    0x0800d92e   0x0800d92e   0x00000005   Data   RO        10019    .constdata          shell.o
    0x0800d933   0x0800d933   0x00000004   Data   RO        10020    .constdata          shell.o
    0x0800d937   0x0800d937   0x0000000a   Data   RO        10021    .constdata          shell.o
    0x0800d941   0x0800d941   0x0000000a   Data   RO        10022    .constdata          shell.o
    0x0800d94b   0x0800d94b   0x00000007   Data   RO        10023    .constdata          shell.o
    0x0800d952   0x0800d952   0x00000006   Data   RO        10024    .constdata          shell.o
    0x0800d958   0x0800d958   0x00000006   Data   RO        10025    .constdata          shell.o
    0x0800d95e   0x0800d95e   0x00000005   Data   RO        10026    .constdata          shell.o
    0x0800d963   0x0800d963   0x0000001e   Data   RO        10027    .constdata          shell.o
    0x0800d981   0x0800d981   0x00000006   Data   RO        10028    .constdata          shell.o
    0x0800d987   0x0800d987   0x0000000e   Data   RO        10029    .constdata          shell.o
    0x0800d995   0x0800d995   0x00000005   Data   RO        10030    .constdata          shell.o
    0x0800d99a   0x0800d99a   0x0000000d   Data   RO        10031    .constdata          shell.o
    0x0800d9a7   0x0800d9a7   0x00000005   Data   RO        10032    .constdata          shell.o
    0x0800d9ac   0x0800d9ac   0x0000000d   Data   RO        10033    .constdata          shell.o
    0x0800d9b9   0x0800d9b9   0x00000005   Data   RO        10034    .constdata          shell.o
    0x0800d9be   0x0800d9be   0x0000000d   Data   RO        10035    .constdata          shell.o
    0x0800d9cb   0x0800d9cb   0x00000006   Data   RO        10036    .constdata          shell.o
    0x0800d9d1   0x0800d9d1   0x0000000e   Data   RO        10037    .constdata          shell.o
    0x0800d9df   0x0800d9df   0x0000000a   Data   RO        10476    .constdata          shell_func.o
    0x0800d9e9   0x0800d9e9   0x00000015   Data   RO        10477    .constdata          shell_func.o
    0x0800d9fe   0x0800d9fe   0x0000000b   Data   RO        10478    .constdata          shell_func.o
    0x0800da09   0x0800da09   0x00000017   Data   RO        10479    .constdata          shell_func.o
    0x0800da20   0x0800da20   0x0000000f   Data   RO        10480    .constdata          shell_func.o
    0x0800da2f   0x0800da2f   0x00000010   Data   RO        10481    .constdata          shell_func.o
    0x0800da3f   0x0800da3f   0x0000000a   Data   RO        10482    .constdata          shell_func.o
    0x0800da49   0x0800da49   0x00000011   Data   RO        10483    .constdata          shell_func.o
    0x0800da5a   0x0800da5a   0x00000007   Data   RO        10484    .constdata          shell_func.o
    0x0800da61   0x0800da61   0x0000000d   Data   RO        10485    .constdata          shell_func.o
    0x0800da6e   0x0800da6e   0x00000007   Data   RO        10486    .constdata          shell_func.o
    0x0800da75   0x0800da75   0x0000000d   Data   RO        10487    .constdata          shell_func.o
    0x0800da82   0x0800da82   0x00000007   Data   RO        10488    .constdata          shell_func.o
    0x0800da89   0x0800da89   0x0000000d   Data   RO        10489    .constdata          shell_func.o
    0x0800da96   0x0800da96   0x00000002   PAD
    0x0800da98   0x0800da98   0x00000038   Data   RO        12300    .constdata          m_ws.l(log.o)
    0x0800dad0   0x0800dad0   0x00000008   Data   RO        12641    .constdata          m_ws.l(qnan.o)
    0x0800dad8   0x0800dad8   0x00000060   Data   RO          452    .conststring        freertos.o
    0x0800db38   0x0800db38   0x00000315   Data   RO        10038    .conststring        shell.o
    0x0800de4d   0x0800de4d   0x00000003   PAD
    0x0800de50   0x0800de50   0x00000020   Data   RO        12685    Region$$Table       anon$$obj.o
    0x0800de70   0x0800de70   0x00000120   Data   RO        10040    shellCommand        shell.o
    0x0800df90   0x0800df90   0x00000070   Data   RO        10490    shellCommand        shell_func.o


    Execution Region RW_IRAM1 (Exec base: 0x20000000, Load base: 0x0800e000, Size: 0x00004d60, Max: 0x00005000, ABSOLUTE, COMPRESSED[0x00000064])

    Exec Addr    Load Addr    Size         Type   Attr      Idx    E Section Name        Object

    0x20000000   COMPRESSED   0x00000001   Data   RW           18    .data               main.o
    0x20000001   COMPRESSED   0x00000003   PAD
    0x20000004   COMPRESSED   0x00000020   Data   RW          453    .data               freertos.o
    0x20000024   COMPRESSED   0x0000000c   Data   RW         1297    .data               stm32f1xx_hal.o
    0x20000030   COMPRESSED   0x00000004   Data   RW         4582    .data               system_stm32f1xx.o
    0x20000034   COMPRESSED   0x0000001c   Data   RW         9366    .data               menu.o
    0x20000050   COMPRESSED   0x00000018   Data   RW         9497    .data               menu_func.o
    0x20000068   COMPRESSED   0x00000006   Data   RW         9598    .data               adc_func.o
    0x2000006e   COMPRESSED   0x00000004   Data   RW         9710    .data               pwmout_func.o
    0x20000072   COMPRESSED   0x00000004   Data   RW         9711    .data               pwmout_func.o
    0x20000076   COMPRESSED   0x00000002   PAD
    0x20000078   COMPRESSED   0x00000004   Data   RW         9871    .data               multi_button.o
    0x2000007c   COMPRESSED   0x00000058   Data   RW        10039    .data               shell.o
    0x200000d4   COMPRESSED   0x0000003c   Data   RW        11304    .data               tasks.o
    0x20000110   COMPRESSED   0x00000014   Data   RW        11620    .data               timers.o
    0x20000124   COMPRESSED   0x00000004   Data   RW        11817    .data               cmsis_os2.o
    0x20000128   COMPRESSED   0x00000018   Data   RW        12180    .data               heap_4.o
    0x20000140   COMPRESSED   0x0000000c   Data   RW        12231    .data               port.o
    0x2000014c   COMPRESSED   0x00000004   Data   RW        12658    .data               mc_w.l(stdout.o)
    0x20000150   COMPRESSED   0x00000004   Data   RW        12670    .data               mc_w.l(errno.o)
    0x20000154        -       0x00000094   Zero   RW           17    .bss                main.o
    0x200001e8        -       0x00000074   Zero   RW          529    .bss                adc.o
    0x2000025c        -       0x00000028   Zero   RW          571    .bss                can.o
    0x20000284        -       0x00000054   Zero   RW          640    .bss                i2c.o
    0x200002d8        -       0x0000009c   Zero   RW          682    .bss                spi.o
    0x20000374        -       0x00000048   Zero   RW          725    .bss                tim.o
    0x200003bc        -       0x00000048   Zero   RW          773    .bss                usart.o
    0x20000404        -       0x00000048   Zero   RW          924    .bss                stm32f1xx_hal_timebase_tim.o
    0x2000044c        -       0x00000400   Zero   RW         5604    .bss                u8g2_d_memory.o
    0x2000084c        -       0x0000004c   Zero   RW         8042    .bss                u8g2_polygon.o
    0x20000898        -       0x00000268   Zero   RW         9363    .bss                menu.o
    0x20000b00        -       0x000001bc   Zero   RW         9595    .bss                adc_func.o
    0x20000cbc        -       0x00000020   Zero   RW         9596    .bss                adc_func.o
    0x20000cdc        -       0x00000014   Zero   RW         9597    .bss                adc_func.o
    0x20000cf0        -       0x00000018   Zero   RW         9708    .bss                pwmout_func.o
    0x20000d08        -       0x00000030   Zero   RW         9709    .bss                pwmout_func.o
    0x20000d38        -       0x000000c8   Zero   RW         9761    .bss                key_driver.o
    0x20000e00        -       0x0000001d   Zero   RW        10010    .bss                shell.o
    0x20000e1d   COMPRESSED   0x00000003   PAD
    0x20000e20        -       0x0000026c   Zero   RW        10387    .bss                shell_port.o
    0x2000108c        -       0x00000040   Zero   RW        10893    .bss                queue.o
    0x200010cc        -       0x000004c4   Zero   RW        11303    .bss                tasks.o
    0x20001590        -       0x00000118   Zero   RW        11619    .bss                timers.o
    0x200016a8        -       0x000006b8   Zero   RW        11816    .bss                cmsis_os2.o
    0x20001d60        -       0x00002000   Zero   RW        12179    .bss                heap_4.o
    0x20003d60        -       0x00001000   Zero   RW            1    STACK               startup_stm32f103xb.o


==============================================================================

Image component sizes


      Code (inc. data)   RO Data    RW Data    ZI Data      Debug   Object Name

       268         32          0          0        116       1723   adc.o
        80          8          0          6        496       1703   adc_func.o
       276          8          0          0          0       1883   at24cxx.o
       176         20          0          0         40       1587   can.o
       496         38          0          4       1720      15242   cmsis_os2.o
        60          4          0          0          0        734   dma.o
         0          0          0          0          0      20084   event_groups.o
       156         40        372         32          0       2069   freertos.o
       208         14          0          0          0     467995   gpio.o
       460         24          0         24       8192       4571   heap_4.o
       160         28          0          0         84       1565   i2c.o
       402         74          0          0        200       6339   key_driver.o
       138          0          0          0          0       3294   list.o
       292         32          0          1        148     599754   main.o
      2240        368          0         28        616      13317   menu.o
      3088        656          0         24          0      10691   menu_func.o
         0          0          0          0          0     159189   mui_u8g2.o
       556         16          0          4          0       4640   multi_button.o
       136          6          0          0          0        574   ntc.o
       216         50          0          0          0       1764   oled.o
       154          0          0          0          0       1490   pid.o
       662         70          0         12          0      10617   port.o
       124          8          0          8         72       1338   pwmout_func.o
      1584         20          0          0         64      17698   queue.o
       756         56          0          0          0       1812   saveandread_func.o
      4194        228       1304         88         29      42911   shell.o
       734          8          0          0          0       5550   shell_ext.o
       496        212        295          0          0       9827   shell_func.o
        96         26          0          0        620       9445   shell_port.o
       232         34          0          0        156       1710   spi.o
        36          8        236          0       4096        784   startup_stm32f103xb.o
       100         18          0         12          0       5130   stm32f1xx_hal.o
      1134         56          0          0          0       8330   stm32f1xx_hal_adc.o
       216          6          0          0          0       1398   stm32f1xx_hal_adc_ex.o
       886          0          0          0          0       4730   stm32f1xx_hal_can.o
       158         14          0          0          0      28098   stm32f1xx_hal_cortex.o
       586         32          0          0          0       3515   stm32f1xx_hal_dma.o
       500         34          0          0          0       3455   stm32f1xx_hal_gpio.o
      2370         56          0          0          0      12778   stm32f1xx_hal_i2c.o
        72         10          0          0          0        838   stm32f1xx_hal_msp.o
      1304         94         18          0          0       5625   stm32f1xx_hal_rcc.o
       400         28         18          0          0       2417   stm32f1xx_hal_rcc_ex.o
       748         16          0          0          0       6956   stm32f1xx_hal_spi.o
      1824         58          0          0          0      15761   stm32f1xx_hal_tim.o
       108         12          0          0          0       2337   stm32f1xx_hal_tim_ex.o
       152         20          0          0         72       1427   stm32f1xx_hal_timebase_tim.o
       730          6          0          0          0       4967   stm32f1xx_hal_uart.o
        48         18          0          0          0       3765   stm32f1xx_it.o
         0          0          0          0          0       8484   stream_buffer.o
         2          0         24          4          0       1071   system_stm32f1xx.o
      2368        196          0         60       1220      24832   tasks.o
       276         22          0          0         72       2224   tim.o
       912         82          0         20        280      25743   timers.o
       692          0          0          0          0       3078   u8g2_box.o
       232          0          0          0          0       3968   u8g2_buffer.o
       730          0          0          0          0       5878   u8g2_circle.o
        12          4          0          0       1024        788   u8g2_d_memory.o
        56         14          0          0          0        989   u8g2_d_setup.o
      1212         10          0          0          0      13220   u8g2_font.o
         0          0       8795          0          0     145294   u8g2_fonts.o
       336          0          0          0          0       4578   u8g2_hvline.o
        72          0          0          0          0       1815   u8g2_intersection.o
       144          0          0          0          0       1326   u8g2_ll_hvline.o
       772         24          0          0         76       8443   u8g2_polygon.o
       328          0         12          0          0     146470   u8g2_setup.o
         0          0          0          0          0        392   u8log.o
        22          0          0          0          0       1741   u8x8_8x8.o
        30          0          0          0          0       1071   u8x8_byte.o
       266          6          0          0          0       4641   u8x8_cad.o
       260         12        344          0          0       2987   u8x8_d_ssd1306_128x64_noname.o
       200          0          0          0          0       4102   u8x8_display.o
        12          0          0          0          0        557   u8x8_gpio.o
        74          4          0          0          0       1658   u8x8_setup.o
       192         24          0          0         72       3414   usart.o
       562         80          0          0          0       3833   userapp.o
       176         62          0          0          0       1102   usercan.o
        64          0          0          0          0       1015   vadc.o

    ----------------------------------------------------------------------
     39900       3106      11456        332      19468    1958141   Object Totals
         0          0         32          0          0          0   (incl. Generated)
        86          0          6          5          3          0   (incl. Padding)

    ----------------------------------------------------------------------

      Code (inc. data)   RO Data    RW Data    ZI Data      Debug   Library Member Name

        34          4          0          0          0        204   dunder.o
       860         52         56          0          0        256   log.o
       170          0          0          0          0         96   poly.o
         0          0          8          0          0          0   qnan.o
        86          0          0          0          0          0   __dczerorl2.o
         0          0          0          0          0          0   entry.o
         0          0          0          0          0          0   entry10a.o
         0          0          0          0          0          0   entry11a.o
         4          0          0          0          0          0   entry12b.o
         8          4          0          0          0          0   entry2.o
         4          0          0          0          0          0   entry5.o
         0          0          0          0          0          0   entry7b.o
         0          0          0          0          0          0   entry8b.o
         8          4          0          0          0          0   entry9a.o
        12          6          0          4          0         68   errno.o
        30          0          0          0          0          0   handlers.o
        36          8          0          0          0         68   init.o
         0          0          0          0          0          0   iusefp.o
        30          0          0          0          0         68   llshl.o
        36          0          0          0          0         68   llsshr.o
        32          0          0          0          0         68   llushr.o
        36          0          0          0          0         68   memcpya.o
        36          0          0          0          0        108   memseta.o
      2268         96          0          0          0        616   printfa.o
         0          0          0          4          0          0   stdout.o
        28          0          0          0          0         76   strcmp.o
        14          0          0          0          0         68   strlen.o
        30          0          0          0          0         80   strncmp.o
        44          0          0          0          0         80   uidiv.o
        98          0          0          0          0         92   uldiv.o
        48          0          0          0          0         68   cdcmple.o
        48          0          0          0          0         68   cdrcmple.o
        56          0          0          0          0         88   d2f.o
       334          0          0          0          0        148   dadd.o
       222          0          0          0          0        100   ddiv.o
       186          0          0          0          0        176   depilogue.o
        62          0          0          0          0         80   dfixi.o
        50          0          0          0          0         76   dfixui.o
        48          0          0          0          0         68   dfixul.o
        34          0          0          0          0         76   dflti.o
        26          0          0          0          0         76   dfltui.o
       228          0          0          0          0         96   dmul.o
        46          0          0          0          0         80   dscalb.o
        38          0          0          0          0         68   f2d.o
       176          0          0          0          0        140   fadd.o
       124          0          0          0          0         88   fdiv.o
       110          0          0          0          0        168   fepilogue.o
        50          0          0          0          0         68   ffixi.o
        18          0          0          0          0         68   fflti.o
        10          0          0          0          0         68   ffltui.o
       100          0          0          0          0         76   fmul.o

    ----------------------------------------------------------------------
      5924        174         64          8          0       4028   Library Totals
         6          0          0          0          0          0   (incl. Padding)

    ----------------------------------------------------------------------

      Code (inc. data)   RO Data    RW Data    ZI Data      Debug   Library Name

      1064         56         64          0          0        556   m_ws.l
      2840        118          0          8          0       1528   mc_w.l
      2014          0          0          0          0       1944   mf_w.l

    ----------------------------------------------------------------------
      5924        174         64          8          0       4028   Library Totals

    ----------------------------------------------------------------------

==============================================================================


      Code (inc. data)   RO Data    RW Data    ZI Data      Debug   

     45824       3280      11520        340      19468    1938637   Grand Totals
     45824       3280      11520        100      19468    1938637   ELF Image Totals (compressed)
     45824       3280      11520        100          0          0   ROM Totals

==============================================================================

    Total RO  Size (Code + RO Data)                57344 (  56.00kB)
    Total RW  Size (RW Data + ZI Data)             19808 (  19.34kB)
    Total ROM Size (Code + RO Data + RW Data)      57444 (  56.10kB)

==============================================================================

